 1.0Agent Orange        Tournament    70   1AntqAntiquities         Candelabra of Tawnos          BeigeArtifact-Mono       RR1         Shuler, Douglas     X: Untap X separate lands.                                                                                                                                                                                                                      
 1.0Agent Orange        Tournament    70   4LgndLegends             Darkness                      BlackInstant             C B         McNeil, Harold      Creatures attack and block as normal, but none deal any damage.                                                                                                                                                                                 
 1.0Agent Orange        Tournament    70   4LgndLegends             Living Plane                  GreenEnchant-World       R 2GG       Wackwitz, Bryon     Treat all land in play as both lands and 1/1 creatures. They may not be tapped for mana the first turn they are brought into play.                                                                                                              
 1.0Agent Orange        Tournament    70   4LgndLegends             The Wretched                  BlackSummon              R 3BB       Rush, Christopher   2/5,At the end of combat take control of all creatures that blocked The Wretched.You lose control of these creatures if Wretched leaves play or if you lose control of The Wretched.                                                            
 1.0Agent Orange        Tournament    70   4LgndLegends             Touch of Darkness             BlackInstant             U B         Venters, Pete       Changes the color of one or more target creatures to black until end of turn. Cost to tap,maintain,or to use a special ability is unchanged.                                                                                                    
 1.0Agent Orange        Tournament    70   4UnltUnlimited           Bad Moon                      BlackEnchantment         R 1B        Myrfors, Jesper     +1/+1 to all Black creatures.                                                                                                                                                                                                                   
 1.0Agent Orange        Tournament    70   4UnltUnlimited           Bayou                         BeigeLand-Special        R           Myrfors, Jesper     (Black/Green) : Tap to add 1 Black mana OR 1 Green mana.  If a spell destroys one of these land types, this card is destroyed.                                                                                                                  
 1.0Agent Orange        Tournament    70   1UnltUnlimited           Black Lotus                   BeigeArtifact-Mono       RR0         Rush, Christopher   3 mana of one color[one use].                                                                                                                                                                                                                   
 1.0Agent Orange        Tournament    70   4UnltUnlimited           Dark Ritual                   BlackInterrupt           U B         Everingham, Sandra  Gain 3 Black mana.                                                                                                                                                                                                                              
 1.0Agent Orange        Tournament    70   1UnltUnlimited           Demonic Tutor                 BlackSorcery             UR1B        Shuler, Douglas     Take any one card from library into hand.                                                                                                                                                                                                       
 1.0Agent Orange        Tournament    70   4UnltUnlimited           Fog                           GreenInstant             C G         Myrfors, Jesper     No damage from this attack.                                                                                                                                                                                                                     
 1.0Agent Orange        Tournament    70   8UnltUnlimited           Forest (Type 1)               BeigeLand                C           Rush, Christopher   Trees in background, with rocks in front.                                                                                                                                                                                                       
 1.0Agent Orange        Tournament    70   4UnltUnlimited           Instill Energy                GreenEnchant-Creature    U G         Willich, Dameon     May untap once during turn in addition to the untap phase.                                                                                                                                                                                      
 1.0Agent Orange        Tournament    70   4UnltUnlimited           Lure                          GreenEnchant-Creature    U 1GG       Maddocks, Anson     All creatures able to block must.                                                                                                                                                                                                               
 1.0Agent Orange        Tournament    70   1UnltUnlimited           Mox Emerald                   BeigeArtifact-Mono       RR0         Frazier, Dan        Provides 1 Green mana.                                                                                                                                                                                                                          
 1.0Agent Orange        Tournament    70   1UnltUnlimited           Mox Jet                       BeigeArtifact-Mono       RR0         Frazier, Dan        Provides 1 Black mana.                                                                                                                                                                                                                          
 1.0Agent Orange        Tournament    70   1UnltUnlimited           Regrowth                      GreenSorcery             UR1G        Willich, Dameon     Return any card from graveyard.                                                                                                                                                                                                                 
 1.0Agent Orange        Tournament    70   4UnltUnlimited           Royal Assassin                BlackSummon              R 1BB       Wanerstrand, Tom    1/1, Tap to kill one tapped creature.                                                                                                                                                                                                           
 1.0Agent Orange        Tournament    70   8UnltUnlimited           Swamp (Type 1)                BeigeLand                C           Frazier, Dan        Tree branch in lower left, with tree branch in upper right.  Darker picture.                                                                                                                                                                    
 1.0Agent Orange        Tournament    70   4UnltUnlimited           Will-O-The-Wisp               BlackSummon              R B         Myrfors, Jesper     0/1, Flying, Regenerates when 1 black mana is tapped.                                                                                                                                                                                           
 1.0Agent Orange Side   Sideboard     15   4UnltUnlimited           Deathgrip                     BlackEnchantment         U BB        Maddocks, Anson     Tap 2 black mana to destroy Green spell as it is cast.                                                                                                                                                                                          
 1.0Agent Orange Side   Sideboard     15   4UnltUnlimited           Gloom                         BlackEnchantment         U 2B        Frazier, Dan        White spells & any white spell with an activation cost, cost 3 more each time.                                                                                                                                                                  
 1.0Agent Orange Side   Sideboard     15   3UnltUnlimited           Lifeforce                     GreenEnchantment         U GG        Willich, Dameon     Tap 2 green mana to destroy Black spell as cast.                                                                                                                                                                                                
 1.0Agent Orange Side   Sideboard     15   4UnltUnlimited           Tsunami                       GreenSorcery             U 3G        Thomas, Richard     Destroys all Islands.                                                                                                                                                                                                                           
 1.0Holy War            Tournament    66   4ArabArabian Nights      Army of Allah                 WhiteInstant             C 1WW       Snoddy, Brian       All attacking creatures gain +2/+0 until the end of turn.                                                                                                                                                                                       
 1.0Holy War            Tournament    66   1ArabArabian Nights      Jihad                         WhiteEnchantment         U WWW       Snoddy, Brian       Choose a color, as long as opponent has cards of this color in play, all white creatures gain +2/+1.                                                                                                                                            
 1.0Holy War            Tournament    66   4LgndLegends             Amrou Kithkin                 WhiteSummon              C WW        Hoover, Quinton     1/1, Creatures with power greater than 2 may not block Kithkin. Blocker's power may be increased after blocking has been assigned.                                                                                                              
 1.0Holy War            Tournament    66   1LgndLegends             Angelic Voices                WhiteEnchantment         R 2WW       Baroh, Julie        As long as the only creatures you control are white or artifact creatures all your creatures gain +1/+1.                                                                                                                                        
 1.0Holy War            Tournament    66   4LgndLegends             Clergy of the Holy Nimbus     WhiteSummon              C W         Gelon, Daniel       1/1, When Clergy are destroyed or take lethal damage, unless opponent pays 1 mana, Clergy are regenerated.                                                                                                                                      
 1.0Holy War            Tournament    66   4LgndLegends             Tundra Wolves                 WhiteSummon              C W         Hoover, Quinton     1/1:  First Strike.                                                                                                                                                                                                                             
 1.0Holy War            Tournament    66   4UnltUnlimited           Benalish Hero                 WhiteSummon              C W         Shuler, Douglas     1/1, Bands.                                                                                                                                                                                                                                     
 1.0Holy War            Tournament    66   1UnltUnlimited           Black Lotus                   BeigeArtifact-Mono       RR0         Rush, Christopher   3 mana of one color[one use].                                                                                                                                                                                                                   
 1.0Holy War            Tournament    66   4UnltUnlimited           Blessing                      WhiteEnchant-Creature    R WW        Baroh, Julie        Add +1/+1 to target creature for every white mana tapped.                                                                                                                                                                                       
 1.0Holy War            Tournament    66   4UnltUnlimited           Crusade                       WhiteEnchantment         R WW        Poole, Mark         +1/+1 to all White creatures.                                                                                                                                                                                                                   
 1.0Holy War            Tournament    66   4UnltUnlimited           Disenchant                    WhiteInstant             C 1W        Weber, Amy          Destroy enchantment or artifact.                                                                                                                                                                                                                
 1.0Holy War            Tournament    66   1UnltUnlimited           Mox Pearl                     BeigeArtifact-Mono       RR0         Frazier, Dan        Provides 1 White mana.                                                                                                                                                                                                                          
 1.0Holy War            Tournament    66  18UnltUnlimited           Plains (Type 1)               BeigeLand                C           Myrfors, Jesper     Open grassland with patchy clouds in sky.                                                                                                                                                                                                       
 1.0Holy War            Tournament    66   4UnltUnlimited           Savannah Lions                WhiteSummon              R W         Gelon, Daniel       2/1.                                                                                                                                                                                                                                            
 1.0Holy War            Tournament    66   4UnltUnlimited           Swords to Plowshares          WhiteInstant             U W         Menges, Jeff A.     +Power in life to owner of creature which leaves the game.                                                                                                                                                                                      
 1.0Holy War            Tournament    66   4UnltUnlimited           White Knight                  WhiteSummon              U WW        Gelon, Daniel       2/2, First Strike, Protection from Black.                                                                                                                                                                                                       
 1.0The Incinerator     Grand Melee  100   1AntqAntiquities         Candelabra of Tawnos          BeigeArtifact-Mono       RR1         Shuler, Douglas     X: Untap X separate lands.                                                                                                                                                                                                                      
 1.0The Incinerator     Grand Melee  100   1AntqAntiquities         Feldon's Cane                 BeigeArtifact-Mono       UR1         Tedin, Mark         0: Reshuffle graveyard into library.                                                                                                                                                                                                            
 1.0The Incinerator     Grand Melee  100   6LgndLegends             Chain Lightning               Red  Sorcery             C R         Everingham, Sandra  Chain Lightning does 3 damage to one target. Each time Chain Lightning does damage, the target or target's controller may then pay RR to have Lightning do 3 damage to any target of that players choice.                                       
 1.0The Incinerator     Grand Melee  100   1LgndLegends             Mirror Universe               BeigeArtifact-Mono       RR6         Foglio, Phil        Tap: Sacrifice Mirror during your upkeep, and trade your number of life points with opponent.                                                                                                                                                   
 1.0The Incinerator     Grand Melee  100   6LgndLegends             Syphon Soul                   BlackSorcery             C 2B        Benson, Melissa     Syphon Soul does 2 damage to all players except caster. Caster gains life points equal to the amount of damage done by Syphon Soul.                                                                                                             
 1.0The Incinerator     Grand Melee  100   1UnltUnlimited           Black Lotus                   BeigeArtifact-Mono       RR0         Rush, Christopher   3 mana of one color[one use].                                                                                                                                                                                                                   
 1.0The Incinerator     Grand Melee  100   6UnltUnlimited           Disintegrate                  Red  Sorcery             C RX        Maddocks, Anson     X Damage to target; Creature cannot be regenerated for the rest of this turn; leaves game if it dies.                                                                                                                                           
 1.0The Incinerator     Grand Melee  100   6UnltUnlimited           Fireball                      Red  Sorcery             C RX        Tedin, Mark         X damage to target, extra target costs one extra mana, must be split evenly amongst targets.                                                                                                                                                    
 1.0The Incinerator     Grand Melee  100   6UnltUnlimited           Fork                          Red  Interrupt           R RR        Weber, Amy          Copy spell and control the duplicate.                                                                                                                                                                                                           
 1.0The Incinerator     Grand Melee  100   6UnltUnlimited           Gauntlet of Might             BeigeArtifact-Continuous R 4         Rush, Christopher   +1/+1 to all Red creature; Mountains produce 1 extra Red mana.                                                                                                                                                                                  
 1.0The Incinerator     Grand Melee  100   6UnltUnlimited           Lightning Bolt                Red  Instant             C R         Rush, Christopher   3 Damage to one target.                                                                                                                                                                                                                         
 1.0The Incinerator     Grand Melee  100   6UnltUnlimited           Mana Flare                    Red  Enchantment         R 2R        Rush, Christopher   Add 1 additional mana per each land tapped.                                                                                                                                                                                                     
 1.0The Incinerator     Grand Melee  100   6UnltUnlimited           Manabarbs                     Red  Enchantment         R 3R        Rush, Christopher   1 damage to anyone who taps a Land.                                                                                                                                                                                                             
 1.0The Incinerator     Grand Melee  100  20UnltUnlimited           Mountain (Type 1)             BeigeLand                C           Shuler, Douglas     Mountain on left with no snow.                                                                                                                                                                                                                  
 1.0The Incinerator     Grand Melee  100   1UnltUnlimited           Mox Emerald                   BeigeArtifact-Mono       RR0         Frazier, Dan        Provides 1 Green mana.                                                                                                                                                                                                                          
 1.0The Incinerator     Grand Melee  100   1UnltUnlimited           Mox Jet                       BeigeArtifact-Mono       RR0         Frazier, Dan        Provides 1 Black mana.                                                                                                                                                                                                                          
 1.0The Incinerator     Grand Melee  100   1UnltUnlimited           Mox Pearl                     BeigeArtifact-Mono       RR0         Frazier, Dan        Provides 1 White mana.                                                                                                                                                                                                                          
 1.0The Incinerator     Grand Melee  100   1UnltUnlimited           Mox Ruby                      BeigeArtifact-Mono       RR0         Frazier, Dan        Provides 1 Red mana.                                                                                                                                                                                                                            
 1.0The Incinerator     Grand Melee  100   1UnltUnlimited           Mox Sapphire                  BeigeArtifact-Mono       RR0         Frazier, Dan        Provides 1 Blue mana.                                                                                                                                                                                                                           
 1.0The Incinerator     Grand Melee  100   6UnltUnlimited           Power Surge                   Red  Enchantment         R RR        Shuler, Douglas     All players take 1 damage per untapped land during untap phase.                                                                                                                                                                                 
 1.0The Incinerator     Grand Melee  100   6UnltUnlimited           Red Elemental Blast           Red  Interrupt           C R         Thomas, Richard     Destroys Blue spell or card.                                                                                                                                                                                                                    
 1.0The Incinerator     Grand Melee  100   1UnltUnlimited           Sol Ring                      BeigeArtifact-Mono       UR1         Tedin, Mark         Tap for 2 colorless mana.                                                                                                                                                                                                                       
 1.0The Incinerator     Grand Melee  100   4UnltUnlimited           Swamp (Type 1)                BeigeLand                C           Frazier, Dan        Tree branch in lower left, with tree branch in upper right.  Darker picture.                                                                                                                                                                    
 1.0Twisted Art         Tournament    60   4AntqAntiquities         Clockwork Avian               BeigeArtifact-Creature   R 5         Asplund-Faith, RandyFlying 0/4, put 4 +1/+0 counters on Avian.                                                                                                                                                                                                      
 1.0Twisted Art         Tournament    60   1AntqAntiquities         Feldon's Cane                 BeigeArtifact-Mono       UR1         Tedin, Mark         0: Reshuffle graveyard into library.                                                                                                                                                                                                            
 1.0Twisted Art         Tournament    60   1AntqAntiquities         Mishra's Workshop             BeigeLand-Special        RR          Foglio, Kaja        Tap to add three colorless mana to cast artifacts ONLY.                                                                                                                                                                                         
 1.0Twisted Art         Tournament    60   4AntqAntiquities         Onulet                        BeigeArtifact-Creature   U 3         Maddocks, Anson     2/2 If Onulet goes to graveyard controller gains 2 lives.                                                                                                                                                                                       
 1.0Twisted Art         Tournament    60   1UnltUnlimited           Ancestral Recall              Blue Instant             RRU         Poole, Mark         Draw [or force opponent to draw]  3 cards.                                                                                                                                                                                                      
 1.0Twisted Art         Tournament    60   1UnltUnlimited           Black Lotus                   BeigeArtifact-Mono       RR0         Rush, Christopher   3 mana of one color[one use].                                                                                                                                                                                                                   
 1.0Twisted Art         Tournament    60   4UnltUnlimited           Clockwork Beast               BeigeArtifact-Creature   R 6         Tucker, Drew        0/4, 7 tokens of +1/+0; Uses token when attacking or defending; Do not untap to pay 1 mana per token restored [tap if not tapped].                                                                                                              
 1.0Twisted Art         Tournament    60   4UnltUnlimited           Control Magic                 Blue Enchant-Creature    U 2UU       Willich, Dameon     Takes control of creature.                                                                                                                                                                                                                      
 1.0Twisted Art         Tournament    60   4UnltUnlimited           Counterspell                  Blue Interrupt           U UU        Poole, Mark         Counters spell as being cast.                                                                                                                                                                                                                   
 1.0Twisted Art         Tournament    60   1UnltUnlimited           Demonic Tutor                 BlackSorcery             UR1B        Shuler, Douglas     Take any one card from library into hand.                                                                                                                                                                                                       
 1.0Twisted Art         Tournament    60   7UnltUnlimited           Island (Type 1)               BeigeLand                C           Poole, Mark         Island with sunset in the background.                                                                                                                                                                                                           
 1.0Twisted Art         Tournament    60   4UnltUnlimited           Juggernaut                    BeigeArtifact-Creature   U 4         Frazier, Dan        5/3, Must attack, Cannot be blocked by walls.                                                                                                                                                                                                   
 1.0Twisted Art         Tournament    60   1UnltUnlimited           Mind Twist                    BlackSorcery             RRBX        Baroh, Julie        Opponent discards X cards.                                                                                                                                                                                                                      
 1.0Twisted Art         Tournament    60   1UnltUnlimited           Mox Emerald                   BeigeArtifact-Mono       RR0         Frazier, Dan        Provides 1 Green mana.                                                                                                                                                                                                                          
 1.0Twisted Art         Tournament    60   1UnltUnlimited           Mox Jet                       BeigeArtifact-Mono       RR0         Frazier, Dan        Provides 1 Black mana.                                                                                                                                                                                                                          
 1.0Twisted Art         Tournament    60   1UnltUnlimited           Mox Pearl                     BeigeArtifact-Mono       RR0         Frazier, Dan        Provides 1 White mana.                                                                                                                                                                                                                          
 1.0Twisted Art         Tournament    60   1UnltUnlimited           Mox Ruby                      BeigeArtifact-Mono       RR0         Frazier, Dan        Provides 1 Red mana.                                                                                                                                                                                                                            
 1.0Twisted Art         Tournament    60   1UnltUnlimited           Mox Sapphire                  BeigeArtifact-Mono       RR0         Frazier, Dan        Provides 1 Blue mana.                                                                                                                                                                                                                           
 1.0Twisted Art         Tournament    60   4UnltUnlimited           Power Sink                    Blue Interrupt           C UX        Thomas, Richard     Opponent uses X or spell fails [must try].                                                                                                                                                                                                      
 1.0Twisted Art         Tournament    60   4UnltUnlimited           Spell Blast                   Blue Interrupt           C UX        Snoddy, Brian       Counters target spell of cost X.                                                                                                                                                                                                                
 1.0Twisted Art         Tournament    60   4UnltUnlimited           Steal Artifact                Blue Enchant-Artifact    U 2UU       Weber, Amy          Takes control of artifact.                                                                                                                                                                                                                      
 1.0Twisted Art         Tournament    60   1UnltUnlimited           Time Walk                     Blue Sorcery             RR1U        Weber, Amy          Take an extra turn after current one.                                                                                                                                                                                                           
 1.0Twisted Art         Tournament    60   1UnltUnlimited           Timetwister                   Blue Sorcery             RR2U        Tedin, Mark         Everyone shuffles decks and draws 7 cards, Time Twister remains out of play.                                                                                                                                                                    
 1.0Twisted Art         Tournament    60   4UnltUnlimited           Underground Sea               BeigeLand-Special        R           Alexander, Rob      (Black/Blue) : Tap to add either black or blue mana to your mana pool.  Counts as both swamps and islands and is affected by spells that affect either.                                                                                         
 1.0Twisted Art Side    Sideboard     15   4ArabArabian Nights      Unstable Mutation             Blue Enchant-Creature    C U         Shuler, Douglas     Target creature gains +3/+3 counters that during controllers upkeep get a -1/-1 until creature dies.                                                                                                                                            
 1.0Twisted Art Side    Sideboard     15   3UnltUnlimited           Deathgrip                     BlackEnchantment         U BB        Maddocks, Anson     Tap 2 black mana to destroy Green spell as it is cast.                                                                                                                                                                                          
 1.0Twisted Art Side    Sideboard     15   3UnltUnlimited           Gloom                         BlackEnchantment         U 2B        Frazier, Dan        White spells & any white spell with an activation cost, cost 3 more each time.                                                                                                                                                                  
 1.0Twisted Art Side    Sideboard     15   2UnltUnlimited           Icy Manipulator               BeigeArtifact-Mono       U 4         Shuler, Douglas     1: Tap one creature, artifact or land.                                                                                                                                                                                                          
 1.0Twisted Art Side    Sideboard     15   3UnltUnlimited           Sleight of Mind               Blue Interrupt           R U         Poole, Mark         Change color type reference on one card.                                                                                                                                                                                                        
