DarkThe Dark            Amnesia                       Blue Sorcery             U 3UUU      Poole, Mark         Look at the target player's hand.  Target player discards all non-land cards in their hand.                                                                                                                                                     
DarkThe Dark            Angry Mob                     WhiteSummon              U 2WW       Tucker, Drew        2+*/2+*, Trample. During your turn, the *'s below are both equal to the total number of swamps all opponents control. During any other player's turn, * equals 0.                                                                               
DarkThe Dark            Apprentice Wizard             Blue Summon              R 1UU       Frazier, Dan        0/1, U,T: Add 3 to your mana pool. This ability is played as an interrupt.                                                                                                                                                                      
DarkThe Dark            Ashes To Ashes                BlackSorcery             C 1BB       Tucker, Drew        Ashes To Ashes removes two target non-artifact creatures from the game and does 5 damage to you.                                                                                                                                                
DarkThe Dark            Ball Lightning                Red  Summon              R RRR       Hoover, Quinton     6/1, Trample. Ball Lightning may attack on the turn which it was summoned. Ball Lightning is buried at the end of the turn during which it was summoned.                                                                                        
DarkThe Dark            Banshee                       BlackSummon              U 2BB       Myrfors, Jesper     0/1, X,T: Banshee does X damage-half (rounded up) to you and half (rounded down) to any one target.                                                                                                                                             
DarkThe Dark            Barl's Cage                   BeigeArtifact            R 4         Wanerstrand, Tom    3: Target creature does not untap as normal during it's controller's next untap phase.                                                                                                                                                          
DarkThe Dark            Blood Moon                    Red  Enchantment         R 2R        Wanerstrand, Tom    All non-basic lands are now basic mountains.                                                                                                                                                                                                    
DarkThe Dark            Blood of the Martyr           WhiteInstant             U WWW       Rush, Christopher   For the remainder of the turn, you may redirect damage done to any number of creatures to yourself instead.                                                                                                                                     
DarkThe Dark            Bog Imp                       BlackSummon              C 1B        Spencer, Ron        1/1, Flying.                                                                                                                                                                                                                                    
DarkThe Dark            Bog Rats                      BlackSummon              C B         Spencer, Ron        1/1, Cannot be blocked by walls.                                                                                                                                                                                                                
DarkThe Dark            Bone Flute                    BeigeArtifact            U 3         Rush, Christopher   2 T: All creatures get -1/-0 until end of the turn.                                                                                                                                                                                             
DarkThe Dark            Book of Rass                  BeigeArtifact            U 6         Everingham, Sandra  2: Pay 2 life to draw one card.  Effects that prevent or redirect damage may not be used to counter this loss of life.                                                                                                                          
DarkThe Dark            Brainwash                     WhiteEnchant-Creature    C W         Venters, Pete       Target creature may not attack unless its controller pays an additional 3 mana in addition to any other costs required for the creature to attack.                                                                                              
DarkThe Dark            Brothers of Fire              Red  Summon              U 1RR       Tedin, Mark         2/2, 1RR: Brothers of Fire do 1 damage to any target and 1 damage to you.                                                                                                                                                                       
DarkThe Dark            Carnivorous Plant             GreenSummon              C 3G        Hoover, Quinton     4/5                                                                                                                                                                                                                                             
DarkThe Dark            Cave People                   Red  Summon              U 1RR       Tucker, Drew        1/4, If declared as an attacker, Cave People get +1/-2 until the end of the turn. 1RR,T:  Target creature gains mountainwalk until end of turn.                                                                                                 
DarkThe Dark            City of Shadows               BeigeLand-Special        R           Wanerstrand, Tom    T: Sacrifice one of your creatures, but remove it from the game instead of placing it in graveyard. Put counter on City of Shadows. T: Add X colorless mana in mana pool, where X is number of counters on City of Shadows.                     
DarkThe Dark            Cleansing                     WhiteSorcery             R WWW       Venters, Pete       All land is destroyed. Players may prevent Cleansing from destroying specific lands by paying 1 life for each land they wish to protect. Effects that prevent or redirect damage may not be used to counter loss of life.                       
DarkThe Dark            Coal Golem                    BeigeArtifact-Creature   U 5         Rush, Christopher   3/3: 3: Sacrifice Coal Golem to add RRR to your mana pool. This ability is played as an interrupt.                                                                                                                                              
DarkThe Dark            Curse Artifact                BlackEnchant-Artifact    U 2BB       Tedin, Mark         During his or her upkeep, controller of target artifact may choose to bury the target artifact. If the controller chooses not to bury target artifact, Curse Artifact does 2 damage to him or her.                                              
DarkThe Dark            Dance of Many                 Blue Enchantment         R UU        Everingham, Sandra  When Dance of Many is brought into play, choose target summon in play. Put token creature in play, treat token as just summoned. If Dance of Many leaves play, remove token from game. If token leaves play destroy Dance of Many. Pay UU upkeep
DarkThe Dark            Dark Heart of the Wood        Gold Enchantment         C RG        Rush, Christopher   You may sacrifice a forest to gain 3 life. Counts as both a black card and a green card.                                                                                                                                                        
DarkThe Dark            Dark Sphere                   BeigeArtifact            U 0         Tedin, Mark         T: Sacrifice Dark Sphere to prevent half of the damage done to you by a single source, rounded down.                                                                                                                                            
DarkThe Dark            Deep Water                    Blue Enchantment         C UU        Menges, Jeff A.     U: All mana-producing lands you control provide U instead of their normal mana until end of turn.                                                                                                                                               
DarkThe Dark            Diabolic Machine              BeigeArtifact-Creature   U 7         Maddocks, Anson     4/4: 3: Regenerates                                                                                                                                                                                                                             
DarkThe Dark            Drowned                       Blue Summon              C 1U        Hoover, Quinton     1/1, B: Regenerates                                                                                                                                                                                                                             
DarkThe Dark            Dust to Dust                  WhiteSorcery             C 1WW       Tucker, Drew        Removes 2 target artifacts from game.                                                                                                                                                                                                           
DarkThe Dark            Eater of the Dead             BlackSummon              U 4B        Myrfors, Jesper     3/4, 0: Take one creature from any graveyard and remove it from the game.  Untap Eater of the Dead.                                                                                                                                             
DarkThe Dark            Electric Eel                  Blue Summon              U U         Maddocks, Anson     1/1,RR: +2/+0; Electric Eel does 1 damage to you.  Electric Eel does 1 damage to you when it is brought in play.                                                                                                                                
DarkThe Dark            Elves of Deep Shadow          GreenSummon              U G         Myrfors, Jesper     1/1, T: Add B to your mana pool, and Elves of Deep Shadow do 1 damage to you.  This ability is played as an interrupt.                                                                                                                          
DarkThe Dark            Erosion                       Blue Enchant-Land        C UUU       Venters, Pete       Target land is destroyed unless its controller pays 1 mana or 1 life during their upkeep.  Effects that prevent or redirect damage may not be used to counter loss of life.                                                                     
DarkThe Dark            Eternal Flame                 Red  Sorcery             R 2RR       Poole, Mark         Eternal Flame does an amount of damage to your opponent equal to the number of mountains you control, but it also does half that amount of damage to you (rounded up).                                                                          
DarkThe Dark            Exorcist                      WhiteSummon              R WW        Tucker, Drew        1/1, 1W,T: Target black creature is destroyed.                                                                                                                                                                                                  
DarkThe Dark            Fasting                       WhiteEnchantment         U W         Shuler, Douglas     You may choose to skip your draw phase; if you do so, you gain 2 life. If you draw a card for any reason, Fasting is destroyed. During your upkeep, put hunger counter on Fasting. When card has 5 counters Fasting is destroyed.               
DarkThe Dark            Fellwar Stone                 BeigeArtifact            U 2         Hoover, Quinton     T: Add 1 mana to your mana pool. This mana may be of any color that any of opponent's lands can produce. This ability is played as an interrupt.                                                                                                
DarkThe Dark            Festival                      WhiteInstant             C W         Poole, Mark         Opponent may not declare an attack this turn. Play during opponent's upkeep phase.                                                                                                                                                              
DarkThe Dark            Fire and Brimstone            WhiteInstant             U 2W        Menges, Jeff A.     Fire and Brimstone does 4 damage to target player and 4 damage to you.  Can only be used during a turn in which target player has declared an attack.                                                                                           
DarkThe Dark            Fire Drake                    Red  Summon              U 1RR       Rush, Christopher   1/2, Flying. R: +1/+0 until end of turn. No more than R may be spent in this way each turn.                                                                                                                                                     
DarkThe Dark            Fissure                       Red  Instant             C 3RR       Shuler, Douglas     Target land or creature is buried.                                                                                                                                                                                                              
DarkThe Dark            Flood                         Blue Enchantment         U U         Detwiler, Dennis    UU: Target non-flying creatures become tapped.                                                                                                                                                                                                  
DarkThe Dark            Fountain of Youth             BeigeArtifact            U 0         Gelon, Daniel       2,T: Gain 1 life.                                                                                                                                                                                                                               
DarkThe Dark            Frankenstein's Monster        BlackSummon              R XBB       Maddocks, Anson     0/1, When Monster is brought into play, if you do not take X creatures from your graveyard and remove them from game, Monster is countered.  For each creature removed you may give Monster a permanent +2/+0, +1/+1 or +0/+2.                  
DarkThe Dark            Gaea's Touch                  GreenEnchantment         C GG        Poole, Mark         You may put one additional land in play during each of your turns, but that land must be a basic forest. You may sacrifice Gaea'a Touch to add GG to your mana pool. This ability is played as an interrupt.                                    
DarkThe Dark            Ghost Ship                    Blue Summon              C 2UU       Wanerstrand, Tom    2/4, Flying, UUU: Regenerates                                                                                                                                                                                                                   
DarkThe Dark            Giant Shark                   Blue Summon              C 5U        Wanerstrand, Tom    4/4, If Giant Shark blocks or is blocked by creature that has taken damage this turn, Shark gains +2/+0, trample until end of turn. Giant Shark cannot attack unless opponent has islands in play. Shark is buried if controller has no islands.
DarkThe Dark            Goblin Caves                  Red  Enchant-Land        C 1RR       Tucker, Drew        If target land is a basic mountain, all Goblins gain +0/+2.                                                                                                                                                                                     
DarkThe Dark            Goblin Digging Team           Red  Summon              C R         Spencer, Ron        1,1, T: Sacrifice Goblin Digging Team to destroy target wall.                                                                                                                                                                                   
DarkThe Dark            Goblin Hero                   Red  Summon              C 2R        Tedin, Mark         2/2                                                                                                                                                                                                                                             
DarkThe Dark            Goblin Rock Sled              Red  Summon              C 1R        Detwiler, Dennis    3/1,Trample. Rock Sled may not attack unless opponent controls at least one mountain. Rock Sled does not untap as normal during your untap phase if it attacked during your last turn.                                                          
DarkThe Dark            Goblin Shrine                 Red  Enchant-Land        C 1RR       Spencer, Ron        If target land is a basic mountain, all Goblins gain +1/+0. Goblin Shrine does 1 damage to all Goblins if it leaves play.                                                                                                                       
DarkThe Dark            Goblin Wizard                 Red  Summon              U 2RR       Gelon, Daniel       1/1, T: Take a Goblin from your hand and put it directly in play. Treat this Goblin as if it were just summoned. R: Target Goblin gains Protection from White until end of turn.                                                                
DarkThe Dark            Goblins of the Flarg          Red  Summon              C R         Wanerstrand, Tom    1/1, Mountainwalk.  Goblins of the Flarg are buried if controller controls any Dwarves.                                                                                                                                                         
DarkThe Dark            Grave Robbers                 BlackSummon              R 1BB       Hoover, Quinton     1/1, B,T: Take one artifact from any graveyard and remove it from the game. Gain 2 life.                                                                                                                                                        
DarkThe Dark            Hidden Path                   GreenEnchantment         R 2GGGG     Alexander, Rob      All green creatures gain forestwalk.                                                                                                                                                                                                            
DarkThe Dark            Holy Light                    WhiteInstant             C 2W        Tucker, Drew        All non-white creatures get -1/-1 until end of turn.                                                                                                                                                                                            
DarkThe Dark            Inferno                       Red  Instant             R 5RR       Asplund-Faith, RandyInferno does 6 damage to all players and all creatures.                                                                                                                                                                                         
DarkThe Dark            Inquisition                   BlackSorcery             C 2B        Maddocks, Anson     Look at target player's hand.  Inquisition does 1 damage to target player for each white card in his or her hand.                                                                                                                               
DarkThe Dark            Knights of Thorn              WhiteSummon              R 3W        Rush, Christopher   2/2, Protection from Red, banding.                                                                                                                                                                                                              
DarkThe Dark            Land Leeches                  GreenSummon              C 1GG       Hoover, Quinton     2/2, First strike                                                                                                                                                                                                                               
DarkThe Dark            Leviathan                     Blue Summon              R 5UUUU     Tedin, Mark         10/10, Trample. Leviathan comes into play tapped, and does not untap as normal during untap phase. Sacrifice 2 islands during your upkeep phase to untap Leviathan. Leviathan may not attack unless you sacrifice 2 islands during your attack. 
DarkThe Dark            Living Armor                  BeigeArtifact            U 4         Maddocks, Anson     T: Sacrifice Living Armor to put a +0/+X counter on target creature, where X is target creature's casting cost.                                                                                                                                 
DarkThe Dark            Lurker                        GreenSummon              R 2G        Maddocks, Anson     2/3, Lurker may not be the target of any spell unless Lurker was declared as an attecker or blocker this turn.                                                                                                                                  
DarkThe Dark            Mana Clash                    Red  Sorcery             R R         Tedin, Mark         You and target player each flip a coin.  Mana Clash does 1 damage to any player whose coin comes up tails. Repeat this process until both players' coins come up heads at the same time.                                                        
DarkThe Dark            Mana Vortex                   Blue Enchantment         R 1UU       Shuler, Douglas     Each player who controls land sacrifices one land during upkeep.  If at any time there are no lands in play, Mana Vortex is destroyed.  If you do not sacrifice a land when Mana Vortex is cast, Mana Vortex is countered.                      
DarkThe Dark            Marsh Gas                     BlackInstant             C B         Shuler, Douglas     All creatures get -2/-0 until end of turn.                                                                                                                                                                                                      
DarkThe Dark            Marsh Goblins                 Gold Summon              C BR        Hoover, Quinton     1/1, Swampwalk. Counts as both a black card and a red card.                                                                                                                                                                                     
DarkThe Dark            Marsh Viper                   GreenSummon              C 3G        Spencer, Ron        1/2, If Marsh Viper damages opponent, opponent gets 2 poison counters.  If opponent ever has ten or more poison counters, opponent loses game.                                                                                                  
DarkThe Dark            Martyr's Cry                  WhiteSorcery             R WW        Menges, Jeff A.     All white creatures are removed from the game.  Players must draw one card for each white creature they control that is lost in this manner.                                                                                                    
DarkThe Dark            Maze of Ith                   BeigeLand-Special        C           Maddocks, Anson     T: Target attacking creature becomes untapped.  This creature neither deals nor receives damage as a result of combat.                                                                                                                          
DarkThe Dark            Merfolk Assassin              Blue Summon              U UU        Detwiler, Dennis    1/2, T: Destroy target islandwalk creature.                                                                                                                                                                                                     
DarkThe Dark            Mind Bomb                     Blue Sorcery             R U         Tedin, Mark         Mind Bomb does 3 damage to each player.  All players may discard up to 3 cards of their choice from their hands.  Each card a player discards in this manner prevents 1 damage to that player from Mind Bomb.                                   
DarkThe Dark            Miracle Worker                WhiteSummon              C W         Spencer, Ron        1/1, T: Destroy target enchantment card on a creature that you control.                                                                                                                                                                         
DarkThe Dark            Morale                        WhiteInstant             C 1WW       Poole, Mark         All attacking creatures gain +1/+1until end of turn.                                                                                                                                                                                            
DarkThe Dark            Murk Dwellers                 BlackSummon              C 3B        Tucker, Drew        2/2, When attacking, Murk Dwellers gain +2/+0 if not blocked.                                                                                                                                                                                   
DarkThe Dark            Nameless Race                 BlackSummon              R 3B        Hoover, Quinton     */*, Trample. Pay * life when bringing Nameless Race into play.  Effects that prevent or redirect damage cannot be used to counter loss.  When brought into play, * may not be greater than total of white cards in play and in graveyard.      
DarkThe Dark            Necropolis                    BeigeArtifact-Creature   U 5         Thomas, Nene        0/1, Counts as a wall. 0: Take creature in your graveyard and remove it from the game. Out X +0/+1 counters on Necropolis, where X is the removed creature's casting cost.                                                                      
DarkThe Dark            Niall Silvain                 GreenSummon              R GGG       Rush, Christopher   2/2, GGGG,T: Target creature is regenerated.                                                                                                                                                                                                    
DarkThe Dark            Orc General                   Red  Summon              U 2R        Myrfors, Jesper     2/2, T: Sacrifice one Orc or Goblin to give all Orcs +1/+1 until end of turn.                                                                                                                                                                   
DarkThe Dark            People of the Woods           GreenSummon              U GG        Tucker, Drew        1/*, The * below reresents the number of forests controlled by People of the Woods' controller.                                                                                                                                                 
DarkThe Dark            Pikemen                       WhiteSummon              C 1W        Detwiler, Dennis    1/1, Banding, first strike.                                                                                                                                                                                                                     
DarkThe Dark            Preacher                      WhiteSummon              R 1WW       Hoover, Quinton     1/1, T: Gain control of 1 of opponent's creatures.  Opponent chooses which creature you control.  If Preacher becomes untapped, you lose control of creature; you may choose not to untap Preacher as normal.                                   
DarkThe Dark            Psychic Allergy               Blue Enchantment         R 3UU       Tedin, Mark         Choose a color when casting Psychic Allergy.  During opponent's upkeep, Psychic Allergy does 1 damage to opponent for each card of this color that they control.  Sacrifice 2 islands during upkeep or destroy Psychic Allergy.                 
DarkThe Dark            Rag Man                       BlackSummon              R 2BB       Gelon, Daniel       2/1, BBB,T: Look at opponent's hand.  If opponent has any creature cards in hand, he or she discards one of them at random.  This ability can only be used during controller's turn.                                                            
DarkThe Dark            Reflecting Mirror             BeigeArtifact            U 4         Poole, Mark         X,T: Target spell, which targets you, targets the player of your choice instead.  X is twice the casting cost of target spell.  This ability is played as an interrupt.                                                                         
DarkThe Dark            Riptide                       Blue Instant             C U         Asplund-Faith, RandyAll blue creatures become tapped.                                                                                                                                                                                                               
DarkThe Dark            Runesword                     BeigeArtifact            U 6         Rush, Christopher   3,T: Target attacking creature gains +2/+0 until end of turn.  Any creature damaged by target creature may not regenerate this turn; if such creature goes to graveyard this turn, remove from game.  If target leaves play Runesword is buried.
DarkThe Dark            Safe Haven                    BeigeLand-Special        U           Rush, Christopher   2,T: Remove target creature you control from game.  This ability is played as an interrupt.  During your upkeep, sacrifice Safe Haven, return all creatures removed from game directly into play.  Treat creatures as they were just summoned.  
DarkThe Dark            Savaen Elves                  GreenSummon              C G         Spencer, Ron        1/1, GG,T: Target enchant land is destroyed.                                                                                                                                                                                                    
DarkThe Dark            Scarecrow                     BeigeArtifact-Creature   U 5         Maddocks, Anson     2/2, 6,T: Until end of turn, all damage done to you by flying creatures is reduced to 0.                                                                                                                                                        
DarkThe Dark            Scarwood Bandits              GreenSummon              R 2GG       Poole, Mark         2/2, Forestwalk. 2G,T: Take control of target artifact.  Opponent may counter this action by paying 2 mana.  You lose control of target artifact if Scarwood Bandits leave play or at end of game.                                              
DarkThe Dark            Scarwood Goblins              Gold Summon              C GR        Spencer, Ron        2/2, Counts as both a green card and a red card.                                                                                                                                                                                                
DarkThe Dark            Scarwood Hag                  GreenSummon              R 1G        Maddocks, Anson     1/1, GGGG,T: Target creature gains forestwalk until end of turn. T: Target creature loses forestwalk until end of turn.                                                                                                                         
DarkThe Dark            Scavenger Folk                GreenSummon              C G         Detwiler, Dennis    1/1, G,T: Sacrifice Scavenger Folk to destroy target artifact.                                                                                                                                                                                  
DarkThe Dark            Season of the Witch           BlackEnchantment         R BBB       Myrfors, Jesper     At end of each player's turn, all untapped creatures that could attack but didn't are destroyed.  If you do not pay 2 life during your upkeep Season of the Witch is destroyed.  Effects that prevent or redirect damage cannot be used.        
DarkThe Dark            Sisters of the Flame          Red  Summon              U 1RR       Myrfors, Jesper     2/2, T: Add R to your mana pool.  This ability is played as a interrupt.                                                                                                                                                                        
DarkThe Dark            Skull of Orm                  BeigeArtifact            U 3         Wanerstrand, Tom    5,T: Bring one enchantment card from your graveyard to your hand.                                                                                                                                                                               
DarkThe Dark            Sorrow's Path                 BeigeLand-Special        R           Asplund-Faith, RandyT: Exchange two of opponent's blocking creatures.  This exchange may not cause an illegal block.  Sorrow's Path does 2 damage to you and 2 damage to each creature you control whenever it is tapped.                                           
DarkThe Dark            Spitting Slug                 GreenSummon              U 1GG       Maddocks, Anson     2/4, 1G: Spitting Slug gains first strike until end of turn.  If this ability is not activated, all creatures blocking or blocked by Spitting Slug gain first strike until end of turn.                                                         
DarkThe Dark            Squire                        WhiteSummon              C 1W        Detwiler, Dennis    1/2                                                                                                                                                                                                                                             
DarkThe Dark            Standing Stones               BeigeArtifact            U 3         Everingham, Sandra  1,T: Pay 1 life and add 1 mana of any color to your mana pool.  This ability is played as an interrupt.  Effects that prevent or redirect damage may not be used to prevent the loss of life.                                                   
DarkThe Dark            Stone Calendar                BeigeArtifact            R 5         Weber, Amy          Your spells cost up to 1 less to cast; casting cost of spells cannot go below 0.                                                                                                                                                                
DarkThe Dark            Sunken City                   Blue Enchantment         C UU        Myrfors, Jesper     All blue creatures gain +1/+1. If you do not pay UU during your upkeep, Sunken City is destroyed.                                                                                                                                               
DarkThe Dark            Tangle Kelp                   Blue Enchant-Creature    U U         Alexander, Rob      Target creature does not untap during its controller's untap phase if it attacked last turn.  Target creature becomes tapped when Tangle Kelp is cast.                                                                                          
DarkThe Dark            The Fallen                    BlackSummon              R 1BBB      Myrfors, Jesper     2/3, During its controller's upkeep, The Fallen does 1 damage to each opponent it has previously damaged.                                                                                                                                       
DarkThe Dark            Tivadar's Crusade             WhiteSorcery             U 1WW       Detwiler, Dennis    All Goblins are destroyed.                                                                                                                                                                                                                      
DarkThe Dark            Tormod's Crypt                BeigeArtifact            U 0         Rush, Christopher   T: Sacrifice Tormod's Crypt to remove all cards in target player's graveyard from the game.                                                                                                                                                     
DarkThe Dark            Tower of Coireall             BeigeArtifact            U 2         Frazier, Dan        T: Target creature cannot be blocked by walls until the end of turn.                                                                                                                                                                            
DarkThe Dark            Tracker                       GreenSummon              R 2G        Menges, Jeff A.     2/2, GG,T: Tracker does an amount of damage equal to its power to target creature.  Target creature does an amount of damage equal to its power to Tracker.                                                                                     
DarkThe Dark            Uncle Istvan                  BlackSummon              R 1BBB      Gelon, Daniel       1/3, All damage done to Uncle Istvan by creatures is reduced to 0.                                                                                                                                                                              
DarkThe Dark            Venom                         GreenEnchant-Creature    C 1GG       Wanerstrand, Tom    All non-wall creatures target creature blocks or is blocked by are destroyed at the end of combat.                                                                                                                                              
DarkThe Dark            Wand of Ith                   BeigeArtifact            U 4         Hoover, Quinton     3,T: Look at 1 card at random from target player's hand.  If card is not land, target player must choose to either discard or pay amount of life equal to casting cost.  If card is land, target player must discard or pay 1 life.             
DarkThe Dark            War Barge                     BeigeArtifact            U 4         Wanerstrand, Tom    3: Target creature gains islandwalk until end of turn.  If War Barge leaves play this turn, target creature is buried.                                                                                                                          
DarkThe Dark            Water Wurm                    Blue Summon              C U         Spencer, Ron        1/1, Water Wurm gains +0/+1 if opponent controls at least one island.                                                                                                                                                                           
DarkThe Dark            Whippoorwill                  GreenSummon              U G         Shuler, Douglas     1/1, GG,T: Until end of turn, target creature may not regenerate and damage done to target creature may not be prevented or redirected.  If target creature goes to graveyard, remove it from game.                                             
DarkThe Dark            Witch Hunter                  WhiteSummon              R 2WW       Myrfors, Jesper     1/1, T: Witch Hunter does 1 damage to target player.  1WW,T: Return target creature opponent controls from play to owner's hand.  Enchantments on target creature are destroyed.                                                                
DarkThe Dark            Word of Binding               BlackSorcery             C XBB       Spencer, Ron        X target creatures become tapped.                                                                                                                                                                                                               
DarkThe Dark            Worms of the Earth            BlackEnchantment         R 2BBB      Maddocks, Anson     No new land may be brought into play.  During any player's upkeep, any player may destroy Worms of the Earth by sacrificing two lands or taking 5 damage from Worms of the Earth.                                                               
DarkThe Dark            Wormwood Treefolk             GreenSummon              R 3GG       Myrfors, Jesper     4/4, GG:Treefolk gain forestwalk until end of turn and do 2 damage to you.  BB:Treefolk gain swampwalk until end of turn and do 2 damage to you.                                                                                                
