ChrnChronicles          Abu Ja'far                    WhiteSummon              U W         Meyer, Ken Jr.      0/1 If Abu dies, so do all defenders or attackers.                                                                                                                                                                                              
ChrnChronicles          Active Volcano                Red  Instant             C R         Hampton, Justin     Destroy target blue permanent or return target island to owner's hand.  All Enchantments on target land are destroyed.                                                                                                                          
ChrnChronicles          Akron Legionnaire             WhiteSummon              U 6WW       Poole, Mark         8/4, None of your non-artifact creatures may attack except Akron Legionnaire.                                                                                                                                                                   
ChrnChronicles          Aladdin                       Red  Summon              U 2RR       Baroh, Julie        1/1 1RR and Tap to steal an artifact.                                                                                                                                                                                                           
ChrnChronicles          Angelic Voices                WhiteEnchantment         U 2WW       Baroh, Julie        As long as the only creatures you control are white or artifact creatures all your creatures gain +1/+1.                                                                                                                                        
ChrnChronicles          Arcades Sabboth               Gold Summon              UR2WWGGUU   Beard Jr., Edward   7/7 Flying: W:+0/+1 until end of turn.  Your untapped creatures gain +0/+2.  Attacking creatures do not get this bonus.  Pay WGU during your                                                                                                    
ChrnChronicles          Arena of the Ancients         BeigeArtifact-Continuous U 3         Wanerstrand, Tom    All legends become tapped when Arena comes into play.  Legends do not untap as normal during the untap phase.                                                                                                                                   
ChrnChronicles          Argothian Pixies              GreenSummon              C 1G        Weber, Amy          2/1  Damage done by artifacts is reduced to 0.                                                                                                                                                                                                  
ChrnChronicles          Ashnod's Altar                BeigeArtifact-Poly       C 3         Maddocks, Anson     0: Sacrifice creatures to add 2 colorless mana.                                                                                                                                                                                                 
ChrnChronicles          Ashnod's Transmogrant         BeigeArtifact-Mono       C 1         Tedin, Mark         Target creature gains +1/+1, become an Artifact-Creature, but retains color.  Transmogrant discarded after use.                                                                                                                                 
ChrnChronicles          Axelrod Gunnarson             Gold Summon              UR4RRBB     Kirschner, Scott    5/5 Trample: Each time a creature is placed in the graveyard during a turn                                                                                                                                                                      
ChrnChronicles          Ayesha Tanaka                 Gold Summon              URUUWW      Wackwitz, Bryon     2/2, Banding, Tap: Artifact effect which requires an activation cost is countered unless its controller spends W. This ability is played as an interrupt.                                                                                       
ChrnChronicles          Azure Drake                   Blue Summon              U 3U        Frazier, Dan        2/4 : Flying                                                                                                                                                                                                                                    
ChrnChronicles          Banshee                       BlackSummon              U 2BB       Myrfors, Jesper     0/1, X,T: Banshee does X damage-half (rounded up) to you and half (rounded down) to any one target.                                                                                                                                             
ChrnChronicles          Barl's Cage                   BeigeArtifact            U 4         Wanerstrand, Tom    3: Target creature does not untap as normal during it's controller's next untap phase.                                                                                                                                                          
ChrnChronicles          Beasts of Bogardan            Red  Summon              U 4R        Gelon, Daniel       3/3, Protection from red. Gains +1/+1 if an opponent controls any white cards.                                                                                                                                                                  
ChrnChronicles          Blood Moon                    Red  Enchantment         U 2R        Wanerstrand, Tom    All non-basic lands are now basic mountains.                                                                                                                                                                                                    
ChrnChronicles          Blood of the Martyr           WhiteInstant             U WWW       Rush, Christopher   For the remainder of the turn, you may redirect damage done to any number of creatures to yourself instead.                                                                                                                                     
ChrnChronicles          Bog Rats                      BlackSummon              C B         Spencer, Ron        1/1, Cannot be blocked by walls.                                                                                                                                                                                                                
ChrnChronicles          Book of Rass                  BeigeArtifact            U 6         Everingham, Sandra  2: Pay 2 life to draw one card.  Effects that prevent or redirect damage may not be used to counter this loss of life.                                                                                                                          
ChrnChronicles          Boomerang                     Blue Instant             C UU        Snoddy, Brian       Return target permanent to owner's hand; enchantments on target permanent are destroyed.                                                                                                                                                        
ChrnChronicles          Bronze Horse                  BeigeArtifact-Creature   U 7         Poole, Mark         4/4 : Trample.  Damage done to Bronze Horse by spells which target it is reduced to zero if you control another creature.                                                                                                                       
ChrnChronicles          Cat Warriors                  GreenSummon              C 1GG       Benson, Melissa     2/2, ForestWalk                                                                                                                                                                                                                                 
ChrnChronicles          Chromium                      Gold Summon              UR2BBUUWW   Beard Jr., Edward   7/7, Flying, Rampage: 2, Pay B,U,W during your upkeep or Chromium is buried.                                                                                                                                                                    
ChrnChronicles          City of Brass                 BeigeLand-Special        U           Tedin, Mark         Tap for 1 mana of any color.  When tapped, does 1 damage to owner.                                                                                                                                                                              
ChrnChronicles          Cocoon                        GreenEnchant-Creature    U G         Tedin, Mark         Tap target creature you control and put 3 counters on it. Target creature does not untap as normal while it has counters on it. Remove 1 counter during upkeep. If Cocoon is destroyed target creature gets +1/+1 & Flying ability.             
ChrnChronicles          Concordant Crossroads         GreenEnchant-World       U G         Weber, Amy          Creatures may attack or use abilities that include the Tap symbol during the turn that they are brought into play.                                                                                                                              
ChrnChronicles          Craw Giant                    GreenSummon              U 3GGGG     Rush, Christopher   6/4, Trample, Rampage: 2                                                                                                                                                                                                                        
ChrnChronicles          Cuombajj Witches              BlackSummon              C BB        Foglio, Kaja        1/3, Tap to do 1 damage to any target, but opponent gets to choose a target to do 1 damage to.                                                                                                                                                  
ChrnChronicles          Cyclone                       GreenEnchantment         U 2GG       Tedin, Mark         Put a chip on cyclone each round during your upkeep, then pay 1 Green mana for each chip or cyclone destroyed.                                                                                                                                  
ChrnChronicles          D'Avenant Archer              WhiteSummon              C 2W        Shuler, Douglas     1/2, Tap: Archer does 1 damage to target attacking or blocking creature.                                                                                                                                                                        
ChrnChronicles          Dakkon Blackblade             Gold Summon              UR2BUUW     Kane-Ferguson, Rich */*, The *'s below equal the number of lands you control.                                                                                                                                                                                       
ChrnChronicles          Dance of Many                 Blue Enchantment         U UU        Everingham, Sandra  When Dance of Many is brought into play, choose target summon in play. Put token creature in play, treat token as just summoned. If Dance of Many leaves play, remove token from game. If token leaves play destroy Dance of Many. Pay UU upkeep
ChrnChronicles          Dandan                        Blue Summon              C UU        Tucker, Drew        4/1, cannot attack unless opponent has islands in play, creature is destroyed if controller has no islands in play.                                                                                                                             
ChrnChronicles          Divine Offering               WhiteInstant             C 1W        Menges, Jeff A.     Destroy target artifact. You gain life points equal to casting cost of artifact.                                                                                                                                                                
ChrnChronicles          Emerald Dragonfly             GreenSummon              C 1G        Hoover, Quinton     1/1, Flying, GG: First strike until the end of turn.                                                                                                                                                                                            
ChrnChronicles          Enchantment Alteration        Blue Instant             U U         Snoddy, Brian       Switch target enchantment from one creature to another or from one land to another.  The controller of the enchantment does not change.  New                                                                                                    
ChrnChronicles          Erhnam Djinn                  GreenSummon              U 3G        Meyer, Ken Jr.      During upkeep, you must choose 1 of opponent non-wall creatures and give him ForestWalk.                                                                                                                                                        
ChrnChronicles          Fallen Angel                  BlackSummon              U 3BB       Maddocks, Anson     3/3: Flying. Sacrifice a creature to give Fallen Angel +2/+1 until end of turn.                                                                                                                                                                 
ChrnChronicles          Feldon's Cane                 BeigeArtifact-Mono       CR1         Tedin, Mark         0: Reshuffle graveyard into library.                                                                                                                                                                                                            
ChrnChronicles          Fire Drake                    Red  Summon              U 1RR       Rush, Christopher   1/2, Flying. R: +1/+0 until end of turn. No more than R may be spent in this way each turn.                                                                                                                                                     
ChrnChronicles          Fishliver Oil                 Blue Enchant-Creature    C 1U        Maddocks, Anson     Target creature gains IslandWalk.                                                                                                                                                                                                               
ChrnChronicles          Flash Flood                   Blue Instant             C U         Wanerstrand, Tom    Destroy target red permanent, or return target mountain to owner's hand.  Enchantments on target land are destroyed.                                                                                                                            
ChrnChronicles          Fountain of Youth             BeigeArtifact            C 0         Gelon, Daniel       2,T: Gain 1 life.                                                                                                                                                                                                                               
ChrnChronicles          Gabriel Angelfire             Gold Summon              UR3WWGG     Gelon, Daniel       4/4, During your upkeep, Gabriel gains one of the following abilities until your next upkeep: first strike, trample, or rampage: 3.                                                                                                             
ChrnChronicles          Gauntlets of Chaos            BeigeArtifact-Poly       U 5         Frazier, Dan        5: Sacrifice gauntlets and take control of target land, creature, or artifact.  Then give former controller same type of card that you took.                                                                                                    
ChrnChronicles          Ghazban Ogre                  GreenSummon              C G         Myrfors, Jesper     During it's current controllers upkeep, the player with the highest life takes control of creature.                                                                                                                                             
ChrnChronicles          Giant Slug                    BlackSummon              C 1B        Maddocks, Anson     1/1:  5: During controller's upkeep, Giant Slug gains basic LandWalking ability of controller's choice until end of turn. The type of LandWalk chosen must correspond with five basic types.                                                    
ChrnChronicles          Goblin Artisans               Red  Summon              U R         Baroh, Julie        When casting artifact, tap to flip a coin: Heads - Artifact is countered. Tails - Draw a card.                                                                                                                                                  
ChrnChronicles          Goblin Digging Team           Red  Summon              C R         Spencer, Ron        1,1, T: Sacrifice Goblin Digging Team to destroy target wall.                                                                                                                                                                                   
ChrnChronicles          Goblin Shrine                 Red  Enchant-Land        C 1RR       Spencer, Ron        If target land is a basic mountain, all Goblins gain +1/+0. Goblin Shrine does 1 damage to all Goblins if it leaves play.                                                                                                                       
ChrnChronicles          Goblins of the Flarg          Red  Summon              C R         Wanerstrand, Tom    1/1, Mountainwalk.  Goblins of the Flarg are buried if controller controls any Dwarves.                                                                                                                                                         
ChrnChronicles          Hasran Ogress                 BlackSummon              C BB        Frazier, Dan        3/2, Unless you pay 2 mana each time Hasran attacks, creature does 3 damage to you.                                                                                                                                                             
ChrnChronicles          Hell's Caretaker              BlackSummon              U 3B        Everingham, Sandra  1/1:  Tap: During upkeep, sacrifice creature and take a creature from your graveyard and put it directly into play.                                                                                                                             
ChrnChronicles          Horn of Deafening             BeigeArtifact-Mono       U 4         Frazier, Dan        2 and tap: Target creature deals no damage during combat this turn.                                                                                                                                                                             
ChrnChronicles          Indestructible Aura           WhiteInstant             C W         Poole, Mark         Any damage dealt to target creature for remainder of turn is reduced to 0.                                                                                                                                                                      
ChrnChronicles          Ivory Guardians               WhiteSummon              U 4WW       Benson, Melissa     3/3, Protection from red. All guardians gain +1/+1 if an opponent controls any red cards.                                                                                                                                                       
ChrnChronicles          Jalum Tome                    BeigeArtifact-Mono       U 3         Wanerstrand, Tom    2: Draw 1 card, then immediately discard 1.                                                                                                                                                                                                     
ChrnChronicles          Jeweled Bird                  BeigeArtifact-Mono       UB1         Weber, Amy          Draw a card, and exchange Jeweled Bird for your contribution to the ante.  Regular ante goes to the graveyard.                                                                                                                                  
ChrnChronicles          Johan                         Gold Summon              UR3WGR      Tedin, Mark         5/4, If Johan does not attack and is not tapped, any of your creatures may attack without tapping.                                                                                                                                              
ChrnChronicles          Juxtapose                     Blue Sorcery             U 3U        Hampton, Justin     Target player and caster each chose one of the creatures the control with the highest casting cost. Exchange control of these creatures. Then do same for artifacts. This doesn't tap or untap these cards. The control of enchantments remains.
ChrnChronicles          Keepers of the Faith          WhiteSummon              C 1WW       Gelon, Daniel       2/3                                                                                                                                                                                                                                             
ChrnChronicles          Kei Takahashi                 Gold Summon              CR2WG       Kirschner, Scott    2/2, Tap: Prevent up to 2 damage to one creature.                                                                                                                                                                                               
ChrnChronicles          Land's Edge                   Red  Enchant-World       U 1RR       Snoddy, Brian       Any player may discard a card from hand at any time. If that player discards a land, Land's Edge does 2 damage to target player of the discarding players choice.                                                                               
ChrnChronicles          Living Armor                  BeigeArtifact            C 4         Maddocks, Anson     T: Sacrifice Living Armor to put a +0/+X counter on target creature, where X is target creature's casting cost.                                                                                                                                 
ChrnChronicles          Marhault Elsdragon            Gold Summon              CR3GRR      Poole, Mark         4/6, Rampage: 1                                                                                                                                                                                                                                 
ChrnChronicles          Metamorphosis                 GreenSorcery             C G         Rush, Christopher   Sacrifice creature of yours in play for an amount of mana equal to it's casting cost plus 1.                                                                                                                                                    
ChrnChronicles          Mountain Yeti                 Red  Summon              C 2RR       Frazier, Dan        3/3, MountainWalk, protection from red.                                                                                                                                                                                                         
ChrnChronicles          Nebuchadnezzar                Gold Summon              UR3BU       Kane-Ferguson, Rich 3/3: XTap: Name a card. Opponent reveals X cards from their hand at random, or entire hand if they do not have enough cards. Opponent discards any of those cards that match the ones you named. This can only be played during your turn.      
ChrnChronicles          Nicol Bolas                   Gold Summon              UR2UUBBRR   Beard Jr., Edward   7/7, Flying. An opponent damaged by Nicol Bolas must discard entire hand. Ignore this effect if opponent has no cards in hand. Pay UBR during you upkeep or Nicol Bolas is buried.                                                              
ChrnChronicles          Obelisk of Undoing            BeigeArtifact-Mono       U 1         Wanerstrand, Tom    6: Return any of your permanents in play to your hand.                                                                                                                                                                                          
ChrnChronicles          Palladia-Mors                 Gold Summon              UR2WWGGRR   Beard Jr., Edward   7/7, Flying, Trample. Pay WGR during your upkeep or Palladia-Mors id\s buried.                                                                                                                                                                  
ChrnChronicles          Petra Sphinx                  WhiteSummon              U 2WWW      Everingham, Sandra  Tap: Target player names a card then turns over top card in library, if card matches named card, card goes to player's hand; otherwise it is put into the graveyard.                                                                            
ChrnChronicles          Primordial Ooze               Red  Summon              U R         Everingham, Sandra  1/1, Must attack each turn if possible. Gains +1/+1 at end of your upkeep. Use counters. Then pay 1 mana per counter or Ooze deals 1 damage to you for each counter & becomes tapped.                                                           
ChrnChronicles          Puppet Master                 Blue Enchant-Creature    U UUU       Everingham, Sandra  If target creature is placed in the graveyard, return creature to owners hand.  All enchantments on the target creature are destroyed. You may pay UUU to return Puppet Master to it's owners hand if target creature returns to owners hand.   
ChrnChronicles          Rabid Wombat                  GreenSummon              U 2GG       Foglio, Kaja        0/1, Wombat gains +2/+2 for each creature enchantment on it. Attacking does not cause Wombat to tap.                                                                                                                                            
ChrnChronicles          Rakalite                      BeigeArtifact-Poly       U 6         Rush, Christopher   2: Prevent 1 damage to any target.  At end of turn, return to hand.                                                                                                                                                                             
ChrnChronicles          Recall                        Blue Sorcery             URUXX       Snoddy, Brian       Sacrifice X cards from your hand and then bring X cards from your graveyard to your hand.  Then remove Recall from game.                                                                                                                        
ChrnChronicles          Remove Soul                   Blue Interrupt           C 1U        Snoddy, Brian       Counter target summon spell.                                                                                                                                                                                                                    
ChrnChronicles          Repentant Blacksmith          WhiteSummon              C 1W        Tucker, Drew        1/2, Protection from red.                                                                                                                                                                                                                       
ChrnChronicles          Revelation                    GreenEnchant-World       U G         Foglio, Kaja        All players play with the cards in their hands face up on table.                                                                                                                                                                                
ChrnChronicles          Rubinia Soulsinger            Gold Summon              UR2UWG      Alexander, Rob      2/3, Tap: Gain control of target creature. Rubinia does not tap or untap this creature. If Rubinia is untapped you lose control of this creature; you may choose not to untap as normal. You lose control of creatures if Rubinia leaves play.  
ChrnChronicles          Runesword                     BeigeArtifact            C 6         Rush, Christopher   3,T: Target attacking creature gains +2/+0 until end of turn.  Any creature damaged by target creature may not regenerate this turn; if such creature goes to graveyard this turn, remove from game.  If target leaves play Runesword is buried.
ChrnChronicles          Safe Haven                    BeigeLand-Special        U           Rush, Christopher   2,T: Remove target creature you control from game.  This ability is played as an interrupt.  During your upkeep, sacrifice Safe Haven, return all creatures removed from game directly into play.  Treat creatures as they were just summoned.  
ChrnChronicles          Scavenger Folk                GreenSummon              C G         Detwiler, Dennis    1/1, G,T: Sacrifice Scavenger Folk to destroy target artifact.                                                                                                                                                                                  
ChrnChronicles          Sentinel                      BeigeArtifact-Creature   U 4         Asplund-Faith, Randy1/*, The * is 1 when cast.  While blocking or attacking, you may choose to change * to 1 + power of creature blocking or attacking Sentinel.                                                                                                    
ChrnChronicles          Serpent Generator             BeigeArtifact-Mono       U 6         Tedin, Mark         4 tap: Put snake counter into play. Snake is an artifact creature. If snake damages opponent, opponent gets poison token. 10 tokens and opponent loses.                                                                                         
ChrnChronicles          Shield Wall                   WhiteInstant             U 1W        Shuler, Douglas     All your creatures gain +0/+2 until end of turn.                                                                                                                                                                                                
ChrnChronicles          Shimian Night Stalker         BlackSummon              U 3BB       Myrfors, Jesper     4/4, B: Redirect all damage done to you from any one attacking creature to the Shimian Night Stalker.                                                                                                                                           
ChrnChronicles          Sivitri Scarzam               Gold Summon              CR5BU       Thomas, Nene        6/4                                                                                                                                                                                                                                             
ChrnChronicles          Sol'kanar the Swamp King      Gold Summon              UR2RBU      Kane-Ferguson, Rich 5/5, SwampWalk. Sol'kanar's controller gains 1 life each time a black spell is cast.                                                                                                                                                            
ChrnChronicles          Stangg                        Gold Summon              UR4GR       Poole, Mark         3/4, When Stangg is brought into play, put a Stangg Twin token into play. Twin token is a 3/4 green & red legend. If Stangg leaves play, remove twin token from game. If twin leaves game bury Stangg.                                          
ChrnChronicles          Storm Seeker                  GreenInstant             U 3G        Poole, Mark         Storm Seeker does 1 damage to opponent for every card in his or her hand.                                                                                                                                                                       
ChrnChronicles          Takklemaggot                  BlackEnchant-Creature    U 2BB       Gelon, Daniel       Put a -0/-1 counter on target creature during it's controllers upkeep. If the creature goes to graveyard, it's controller chooses a new target. If there are no targets, Takklemaggot becomes a enchantment & does 1 damage to last controller. 
ChrnChronicles          Teleport                      Blue Instant             U UUU       Shuler, Douglas     Target creature cannot be blocked until end of turn.  Play after attack is declared and before defense is chosen.                                                                                                                               
ChrnChronicles          The Fallen                    BlackSummon              U 1BBB      Myrfors, Jesper     2/3, During its controller's upkeep, The Fallen does 1 damage to each opponent it has previously damaged.                                                                                                                                       
ChrnChronicles          The Wretched                  BlackSummon              U 3BB       Rush, Christopher   2/5,At the end of combat take control of all creatures that blocked The Wretched.You lose control of these creatures if Wretched leaves play or if you lose control of The Wretched.                                                            
ChrnChronicles          Tobias Andrion                Gold Summon              CR3UW       Rusu, Andi          4/4                                                                                                                                                                                                                                             
ChrnChronicles          Tor Wauki                     Gold Summon              CR2BBR      Asplund-Faith, Randy3/3, Tap: Tor Wauki does 2 damage to target attacking or blocking creature.                                                                                                                                                                     
ChrnChronicles          Tormod's Crypt                BeigeArtifact            C 0         Rush, Christopher   T: Sacrifice Tormod's Crypt to remove all cards in target player's graveyard from the game.                                                                                                                                                     
ChrnChronicles          Transmutation                 BlackInstant             C 1B        Van Camp, Susan     Until end of turn, target creature's power and toughness are switched. Effects that alter power alter toughness instead and vice versa.                                                                                                         
ChrnChronicles          Triassic Egg                  BeigeArtifact-Mono       U 4         Frazier, Dan        3 tap: put counter on egg. If there are 2 counters on egg, sacrifice egg and place any creature from your hand or graveyard into play.                                                                                                          
ChrnChronicles          Urza's Mine (Type 1)          BeigeLand-Special        C           Maddocks, Anson     Bathyscaphe (sphere).  If Urza's Power Plant AND Urza's Tower also in play, tap for 2 colorless.                                                                                                                                                
ChrnChronicles          Urza's Mine (Type 2)          BeigeLand-Special        C           Maddocks, Anson     Pulley.  If Urza's Power Plant AND Urza's Tower also in play, tap for 2 colorless.                                                                                                                                                              
ChrnChronicles          Urza's Mine (Type 3)          BeigeLand-Special        C           Maddocks, Anson     Tower.  If Urza's Power Plant AND Urza's Tower also in play, tap for 2 colorless.                                                                                                                                                               
ChrnChronicles          Urza's Mine (Type 4)          BeigeLand-Special        C           Maddocks, Anson     Tunnel Mouth.  Tap for 1 colorless mana.  If Urza's Power Plant AND Urza's Tower also in play, tap for 2 colorless.                                                                                                                             
ChrnChronicles          Urza's Power Plant (Type 1)   BeigeLand-Special        C           Tedin, Mark         Columns.  Tap for 1 colorless mana.  If Urza's Mine AND Urza's Tower in play, tap for 2 colorless.                                                                                                                                              
ChrnChronicles          Urza's Power Plant (Type 2)   BeigeLand-Special        C           Tedin, Mark         Insect.  Tap for 1 colorless mana.  If Urza's Mine AND Urza's Tower in play, tap for 2 colorless.                                                                                                                                               
ChrnChronicles          Urza's Power Plant (Type 3)   BeigeLand-Special        C           Tedin, Mark         Sphere.  Tap for 1 colorless mana.  If Urza's Mine AND Urza's Tower in play, tap for 2 colorless.                                                                                                                                               
ChrnChronicles          Urza's Power Plant (Type 4)   BeigeLand-Special        C           Tedin, Mark         Vat.  Tap for 1 colorless mana.  If Urza's Mine AND Urza's Tower in play, tap for 2 colorless.                                                                                                                                                  
ChrnChronicles          Urza's Tower (Type 1)         BeigeLand-Special        C           Poole, Mark         Forest.  Tap for 1 colorless mana.  If Urza's Mine AND Urza's Power Plant are in play, tap for 3 colorless.                                                                                                                                     
ChrnChronicles          Urza's Tower (Type 2)         BeigeLand-Special        C           Poole, Mark         Mountainside.  Tap for 1 colorless mana.  If Urza's Mine AND Urza's Power Plant are in play, tap for 3 colorless.                                                                                                                               
ChrnChronicles          Urza's Tower (Type 3)         BeigeLand-Special        C           Poole, Mark         Plain.  Tap for 1 colorless mana.  If Urza's Mine AND Urza's Power Plant are in play, tap for 3 colorless.                                                                                                                                      
ChrnChronicles          Urza's Tower (Type 4)         BeigeLand-Special        C           Poole, Mark         Seaside.  Tap for 1 colorless mana.  If Urza's Mine AND Urza's Power Plant are in play, tap for 3 colorless.                                                                                                                                    
ChrnChronicles          Vaevictis Asmadi              Gold Summon              UR2BBRRGG   Rusu, Andi          7/7, B: Gain +1/+0 until end of turn. R: Gain +1/+0 until end of turn. G: Gain +1/+0 until end of turn. Pay BRG during upkeep or Vaevictis Asmadi is buried.                                                                                    
ChrnChronicles          Voodoo Doll                   BeigeArtifact-Mono       U 6         Everingham, Sandra  Put token on Doll during upkeep. If doll isn't tapped at end of turn, take X damage and doll is destroyed. XX tap: Doll does X damage to target.                                                                                                
ChrnChronicles          Wall of Heat                  Red  Summon              C 2R        Thomas, Richard     2/6                                                                                                                                                                                                                                             
ChrnChronicles          Wall of Opposition            Red  Summon              U 3RR       McNeil, Harold      0/6, 1: +1/+0 until end of turn.                                                                                                                                                                                                                
ChrnChronicles          Wall of Shadows               BlackSummon              C 1BB       Venters, Pete       0/1, Damage Wall Of Shadows receives from creatures it blocks is reduced to 0. Effects that target only walls may not target Wall Of Shadows                                                                                                    
ChrnChronicles          Wall of Vapor                 Blue Summon              C 3U        Thomas, Richard     0/1 Damage done to Wall of Vapor by creatures it blocks is reduced to 0.                                                                                                                                                                        
ChrnChronicles          Wall of Wonder                Blue Summon              U 2UU       Thomas, Richard     1/5 2UU tap: Gain +4/-4 and allow Wall of Wonder to attack this turn.                                                                                                                                                                           
ChrnChronicles          War Elephant                  WhiteSummon              C 3W        Bishop, Kristen     2/2, Trample, Bands.                                                                                                                                                                                                                            
ChrnChronicles          Witch Hunter                  WhiteSummon              U 2WW       Myrfors, Jesper     1/1, T: Witch Hunter does 1 damage to target player.  1WW,T: Return target creature opponent controls from play to owner's hand.  Enchantments on target creature are destroyed.                                                                
ChrnChronicles          Xira Arien                    Gold Summon              URGRB       Benson, Melissa     1/2, Flying. GRB Tap: Target player draws one card.                                                                                                                                                                                             
ChrnChronicles          Yawgmoth Demon                BlackSummon              U 4BB       Everingham, Sandra  6/6 Flying, First Strike  Sacrifice 1 artifact during upkeep or demon taps and does 2 damage to you.                                                                                                                                            
