FallFallen Empires      Aeolipile                     BeigeArtifact            R 2         Hudson, Heather     1,(T) Sacrifice to do 2 damage to any target.                                                                                                                                                                                                   
FallFallen Empires      Armor Thrull 1                BlackSummon              C 2B        Menges, Jeff A.     (Art : Thrull near water)             1/3 (T) Sacrifice to give creature +1/+2 counter.                                                                                                                                                         
FallFallen Empires      Armor Thrull 2                BlackSummon              C 2B        Kirschner, Scott    (Art : Thrull flexing)                  1/3 (T) Sacrifice to give creature +1/+2 counter.                                                                                                                                                       
FallFallen Empires      Armor Thrull 3                BlackSummon              C 2B        Spencer, Ron        (Art : Thrull springing)              1/3 (T) Sacrifice to give creature +1/+2 counter.                                                                                                                                                         
FallFallen Empires      Armor Thrull 4                BlackSummon              C 2B        Venters, Pete       (Art : Thrull cowering)              1/3 (T) Sacrifice to give creature +1/+2 counter.                                                                                                                                                          
FallFallen Empires      Balm of Restoration           BeigeArtifact            R 2         Organ-Keen, Margaret1,(T) Sacrifice to gain 2 life or prevent 2 damage.                                                                                                                                                                                             
FallFallen Empires      Basal Thrull 1                BlackSummon              C BB        Foglio, Kaja        (Art : Contortion)                  1/2 (T) Sacrifice to add BB to mana pool - Interrupt.                                                                                                                                                       
FallFallen Empires      Basal Thrull 2                BlackSummon              C BB        Rush, Christopher   (Art : Thrull with open mouth)    1/2 (T) Sacrifice to add BB to mana pool - Interrupt.                                                                                                                                                         
FallFallen Empires      Basal Thrull 3                BlackSummon              C BB        Kane-Ferguson, Rich (Art : Beams of light)              1/2 (T) Sacrifice to add BB to mana pool - Interrupt.                                                                                                                                                       
FallFallen Empires      Basal Thrull 4                BlackSummon              C BB        Foglio, Phil        (Art : Thrulls bound and hanging)    1/2 (T) Sacrifice to add BB to mana pool - Interrupt.                                                                                                                                                      
FallFallen Empires      Bottomless Vault              BeigeLand-Special        R           Morrissey, Pat      Starts Tapped.  May choose not to untap and then add counter to it.  (T) Remove any number of counters for B.                                                                                                                                   
FallFallen Empires      Brassclaw Orcs 1              Red  Summon              C 2R        Alexander, Rob      (Art : Orc standing with pole arm) 3/2, Can't block creatures with power greater than 1.                                                                                                                                                        
FallFallen Empires      Brassclaw Orcs 2              Red  Summon              C 2R        Hudson, Heather     (Art : Orcs attacking with brassclaws) 3/2, Can't block creatures with power greater than 1.                                                                                                                                                    
FallFallen Empires      Brassclaw Orcs 3              Red  Summon              C 2R        Frazier, Dan        (Art : Orcs pointing and reading map) 3/2, Can't block creatures with power greater than 1.                                                                                                                                                     
FallFallen Empires      Brassclaw Orcs 4              Red  Summon              C 2R        Alexander, Rob      (Art : Single orc with clawed-gauntlet) 3/2, Can't block creatures with power greater than 1.                                                                                                                                                   
FallFallen Empires      Breeding Pit                  BlackEnchantment         U 3B        Maddocks, Anson     Pay BB during upkeep or bury.  Create 0/1 black Thrull token creature at end of turn.                                                                                                                                                           
FallFallen Empires      Combat Medic 1                WhiteSummon              C 2W        Maddocks, Anson     (Art : Medic riding tusked beast) 0/2, 1W: Prevent 1 damage.                                                                                                                                                                                    
FallFallen Empires      Combat Medic 2                WhiteSummon              C 2W        Van Camp, Susan     (Art : Medic tending man on battlefield) 0/2, 1W: Prevent 1 damage.                                                                                                                                                                             
FallFallen Empires      Combat Medic 3                WhiteSummon              C 2W        Beard Jr., Edward   (Art : Levitating medic casting spell) 0/2, 1W: Prevent 1 damage.                                                                                                                                                                               
FallFallen Empires      Combat Medic 4                WhiteSummon              C 2W        Danforth, Liz       (Art : Medic tending man with shield) 0/2, 1W: Prevent 1 damage.                                                                                                                                                                                
FallFallen Empires      Conch Horn                    BeigeArtifact            R 2         Foglio, Phil        1,(T) Sacrifice to draw two cards and return any card from hand to top of library.                                                                                                                                                              
FallFallen Empires      Deep Spawn                    Blue Summon              U 5UUU      Tedin, Mark         6/6 Trample.  Move top two cards from library to graveyard during upkeep or bury.  U: May not be targeted by spells or effects - Tap.                                                                                                           
FallFallen Empires      Delif's Cone                  BeigeArtifact            U 0         Tedin, Mark         (T) Sacrifice Cone. If target creature you control attacks and is not blocked you may choose to gain its power in life but the creature then does no damage to opponent.                                                                        
FallFallen Empires      Delif's Cube                  BeigeArtifact            R 1         Tedin, Mark         2,(T) Your target attacking unblocked creature deals no damage - Put one counter on Cube.  2: Remove counter to regenerate creature.                                                                                                            
FallFallen Empires      Derelor                       BlackSummon              R 3B        Maddocks, Anson     4/4 Black spells cost B extra.                                                                                                                                                                                                                  
FallFallen Empires      Draconian Cylix               BeigeArtifact            R 3         Beard Jr., Edward   2,(T) Discard random card from hand to regenerate creature.                                                                                                                                                                                     
FallFallen Empires      Dwarven Armorer               Red  Summon              R R         Wackwitz, Bryon     0/2, R, (T) Discard a card to give target creature either +1/+0 or +0/+1 counter.                                                                                                                                                               
FallFallen Empires      Dwarven Catapult              Red  Instant             U XR        Menges, Jeff A.     Do X damage to all opponent's creatures divided evenly (round down).                                                                                                                                                                            
FallFallen Empires      Dwarven Hold                  BeigeLand-Special        R           Morrissey, Pat      Starts Tapped.  May choose not to untap, and add counter.  (T) Remove any number of counters for R.                                                                                                                                             
FallFallen Empires      Dwarven Lieutenant            Red  Summon              U RR        Menges, Jeff A.     1/2, 1R: Target Dwarf gets +1/+0.                                                                                                                                                                                                               
FallFallen Empires      Dwarven Ruins                 BeigeLand-Special        U           Poole, Mark         Starts Tapped.  (T) Add R to mana pool.  (T) Sacrifice for RR.                                                                                                                                                                                  
FallFallen Empires      Dwarven Soldier 1             Red  Summon              C 1R        Asplund-Faith, Randy(Art : Soldier attacking red dragon)  2/1, Gets +0/+2 if blocks or is blocked by Orcs.                                                                                                                                                          
FallFallen Empires      Dwarven Soldier 2             Red  Summon              C 1R        Shuler, Douglas     (Art : Two soldiers, one with eyepatch) 2/1, Gets +0/+2 if blocks or is blocked by Orcs.                                                                                                                                                        
FallFallen Empires      Dwarven Soldier 3             Red  Summon              C 1R        Alexander, Rob      (Art : Soldier wearing cap, pondering) 2/1, Gets +0/+2 if blocks or is blocked by Orcs.                                                                                                                                                         
FallFallen Empires      Ebon Praetor                  BlackSummon              R 4BB       Asplund-Faith, Randy5/5 Trample, First Strike.  During upkeep gets -2/-2 counter - If creature was a Thrull, gets +1/+0 counter - Once per turn.  Sacrifice creature to remove counter.                                                                             
FallFallen Empires      Ebon Stronghold               BeigeLand-Special        U           Poole, Mark         Starts Tapped.  (T) Add B to mana pool.  (T) Sacrifice for BB.                                                                                                                                                                                  
FallFallen Empires      Elven Fortress 1              GreenEnchantment         C G         Venters, Pete       (Art : Female archer in corner)   1G: Target blocking creture gets +0/+1.                                                                                                                                                                       
FallFallen Empires      Elven Fortress 2              GreenEnchantment         C G         Poole, Mark         (Art : Fortress seen beyond hills)  1G: Target blocking creture gets +0/+1.                                                                                                                                                                     
FallFallen Empires      Elven Fortress 3              GreenEnchantment         C G         Asplund-Faith, Randy(Art : Wooden boardwalk to fortress) 1G: Target blocking creture gets +0/+1.                                                                                                                                                                    
FallFallen Empires      Elven Fortress 4              GreenEnchantment         C G         Wanerstrand, Tom    (Art : Wood and stone wall with gate)  1G: Target blocking creture gets +0/+1.                                                                                                                                                                  
FallFallen Empires      Elven Lyre                    BeigeArtifact            R 2         Foglio, Kaja        1,(T) Sacrifice to give creature +2/+2 until end of turn.                                                                                                                                                                                       
FallFallen Empires      Elvish Farmer                 GreenSummon              R 1G        Kane-Ferguson, Rich 0/2, Add 1 spore counter during upkeep.  0: Remove 3 spores to make a Saproling 1/1 green token creature.  0: Sacrifice Saproling to gain 2 life.                                                                                               
FallFallen Empires      Elvish Hunter 1               GreenSummon              C 1G        Van Camp, Susan     (Art : Archer next to female face) 1/1, 1G, (T) Target creature doesn't untap next turn.                                                                                                                                                        
FallFallen Empires      Elvish Hunter 2               GreenSummon              C 1G        Poole, Mark         (Art : Blond archer drawing gold bow) 1/1, 1G, (T) Target creature doesn't untap next turn.                                                                                                                                                     
FallFallen Empires      Elvish Hunter 3               GreenSummon              C 1G        Maddocks, Anson     (Art : Hunter with painted face)   1/1, 1G, (T) Target creature doesn't untap next turn.                                                                                                                                                        
FallFallen Empires      Elvish Scout 1                GreenSummon              C G         Rush, Christopher   (Art : Female scout standing in tree)  1/1, G, (T) Untap your target attacking creature - Doesn't deal or receive damage.                                                                                                                       
FallFallen Empires      Elvish Scout 2                GreenSummon              C G         Venters, Pete       (Art : Scout in tree above minotaur) 1/1, G, (T) Untap your target attacking creature - Doesn't deal or receive damage.                                                                                                                         
FallFallen Empires      Elvish Scout 3                GreenSummon              C G         Poole, Mark         (Art : Blond scout, arms crossed)  1/1, G, (T) Untap your target attacking creature - Doesn't deal or receive damage.                                                                                                                           
FallFallen Empires      Farrel's Mantle               WhiteEnchant-Creature    U 2W        Waters, Anthony     Target unblocked attacking creature may deal X+2 (creature's power+2) damage to any creature - Deals no damage.                                                                                                                                 
FallFallen Empires      Farrel's Zealot 1             WhiteSummon              C 1WW       Beard Jr., Edward   (Art : Robed man with tatooed head) 2/2, If is unblocked attacking, may deal 3 damage to any creature - Deals no damage.                                                                                                                        
FallFallen Empires      Farrel's Zealot 2             WhiteSummon              C 1WW       Kane-Ferguson, Rich (Art : White-haired Zealot, with amulet) 2/2, If is unblocked attacking, may deal 3 damage to any creature - Deals no damage.                                                                                                                   
FallFallen Empires      Farrel's Zealot 3             WhiteSummon              C 1WW       Benson, Melissa     (Art : Zealot with many throwing knives) 2/2, If is unblocked attacking, may deal 3 damage to any creature - Deals no damage.                                                                                                                   
FallFallen Empires      Farrelite Priest              WhiteSummon              U 1WW       Foglio, Phil        1/3, 1: Add W to mana pool - Interrupt - If more than 3 spent per turn, bury.                                                                                                                                                                   
FallFallen Empires      Feral Thallid                 GreenSummon              U 3GGG      Alexander, Rob      6/3, Add 1 spore counter during upkeep.  0: Remove 3 spores to regenerate.                                                                                                                                                                      
FallFallen Empires      Fungal Bloom                  GreenEnchantment         R GG        Gelon, Daniel       GG: Put spore counter on Fungus.                                                                                                                                                                                                                
FallFallen Empires      Goblin Chirurgeon 1           Red  Summon              C R         Gelon, Daniel       (Art : Chirurgeon threading needle) 0/2, 0: Sacrifice goblin to regenerate a creature.                                                                                                                                                          
FallFallen Empires      Goblin Chirurgeon 2           Red  Summon              C R         Frazier, Dan        (Art : Chirurgeon sawing off a leg) 0/2, 0: Sacrifice goblin to regenerate a creature.                                                                                                                                                          
FallFallen Empires      Goblin Chirurgeon 3           Red  Summon              C R         Foglio, Phil        (Art : Chirurgeon sewing on a head) 0/2, 0: Sacrifice goblin to regenerate a creature.                                                                                                                                                          
FallFallen Empires      Goblin Flotilla               Red  Summon              R 2R        Wanerstrand, Tom    2/2, Islandwalk.  At beginning of attack, pay R or creatures blocking it gain First Strike.                                                                                                                                                     
FallFallen Empires      Goblin Grenade 1              Red  Sorcery             C R         Spencer, Ron        (Art : Springing Goblin with spear) Sacrifice Goblin to deal 5 damage to any target.                                                                                                                                                            
FallFallen Empires      Goblin Grenade 2              Red  Sorcery             C R         Frazier, Dan        (Art : Dwarf and Goblin holding grenade) Sacrifice Goblin to deal 5 damage to any target.                                                                                                                                                       
FallFallen Empires      Goblin Grenade 3              Red  Sorcery             C R         Rush, Christopher   (Art : Goblin climbing over rocks) Sacrifice Goblin to deal 5 damage to any target.                                                                                                                                                             
FallFallen Empires      Goblin Kites                  Red  Enchantment         U 1R        Maddocks, Anson     R: Give Flying to your target attacking creature with toughness less than 2 - Flip coin at end of turn, if opponent wins, bury creature.                                                                                                        
FallFallen Empires      Goblin War Drums 1            Red  Enchantment         C 2R        Kane-Ferguson, Rich (Art : Three Goblins lined up, pounding)  Opponent must use at least two creatures in order to block each of your creatures.                                                                                                                    
FallFallen Empires      Goblin War Drums 2            Red  Enchantment         C 2R        Frazier, Dan        (Art : Two goblins, both pounding) Opponent must use at least two creatures in order to block each of your creatures.                                                                                                                           
FallFallen Empires      Goblin War Drums 3            Red  Enchantment         C 2R        Menges, Jeff A.     (Art : One Gobling pounding two drums) Opponent must use at least two creatures in order to block each of your creatures.                                                                                                                       
FallFallen Empires      Goblin War Drums 4            Red  Enchantment         C 2R        Hudson, Heather     (Art : One Goblin carrying, one pounding) Opponent must use at least two creatures in order to block each of your creatures.                                                                                                                    
FallFallen Empires      Goblin Warrens                Red  Enchantment         R 2R        Frazier, Dan        2R: Sacrifice 2 goblins to make 3 Goblin 1/1 red token creatures.                                                                                                                                                                               
FallFallen Empires      Hand of Justice               WhiteSummon              R 5W        Benson, Melissa     2/6, (T) Tap 3 white creatures to destroy any creature.                                                                                                                                                                                         
FallFallen Empires      Havenwood Battleground        BeigeLand-Special        U           Poole, Mark         Starts Tapped.  (T) Add G to mana pool.  (T) Sacrifice for GG.                                                                                                                                                                                  
FallFallen Empires      Heroism                       WhiteEnchantment         U 2W        Poole, Mark         0: Sacrifice white creature to prevent attacking red creatures from dealing combat damage - Opponent may pay 2R for each to prevent effect.                                                                                                     
FallFallen Empires      High Tide 1                   Blue Instant             C U         Weber, Amy          (Art : Above/below surface view)   All islands give U extra.                                                                                                                                                                                    
FallFallen Empires      High Tide 2                   Blue Instant             C U         Maddocks, Anson     (Art : Finned creature underwater)   All islands give U extra.                                                                                                                                                                                  
FallFallen Empires      High Tide 3                   Blue Instant             C U         Tucker, Drew        (Art : Hazy figure in tide)           All islands give U extra.                                                                                                                                                                                 
FallFallen Empires      Hollow Trees                  BeigeLand-Special        R           Morrissey, Pat      Starts Tapped.  May choose not to untap, and add counter.  (T) Remove any number of counters for G.                                                                                                                                             
FallFallen Empires      Homarid 1                     Blue Summon              C 2U        Hoover, Quinton     (Art : Homarid facing, claws up)   2/2, Gets tide counter each upkeep and when cast - Remove all counters when there are 4.  1 counter = -1/-1.  3 counters = +1/+1.                                                                            
FallFallen Empires      Homarid 2                     Blue Summon              C 2U        Wackwitz, Bryon     (Art : Homarid with tidal wave behind)   2/2, Gets tide counter each upkeep and when cast - Remove all counters when there are 4.  1 counter = -1/-1.  3 counters = +1/+1.                                                                      
FallFallen Empires      Homarid 3                     Blue Summon              C 2U        Hudson, Heather     (Art : Two Homarids, with spear)  2/2, Gets tide counter each upkeep and when cast - Remove all counters when there are 4.  1 counter = -1/-1.  3 counters = +1/+1.                                                                             
FallFallen Empires      Homarid 4                     Blue Summon              C 2U        Tedin, Mark         (Art : Two Homarids, no weapon)  2/2, Gets tide counter each upkeep and when cast - Remove all counters when there are 4.  1 counter = -1/-1.  3 counters = +1/+1.                                                                              
FallFallen Empires      Homarid Shaman                Blue Summon              R 2UU       Weber, Amy          2/1, U: Tap green creature.                                                                                                                                                                                                                     
FallFallen Empires      Homarid Spawning Bed          Blue Enchantment         U UU        Shuler, Douglas     1UU: Sacrifice blue creature to make X (casting cost or sacrifice) 1/1 blue token cretures.                                                                                                                                                     
FallFallen Empires      Homarid Warrior 1             Blue Summon              C 4U        Asplund-Faith, Randy(Art : Homarid fighting serpent)    3/3, U: Can't be targeted by spells or effects - Doesn't untap next turn - Tap.                                                                                                                             
FallFallen Empires      Homarid Warrior 2             Blue Summon              C 4U        Shuler, Douglas     (Art : Homarid holding a club)       3/3, U: Can't be targeted by spells or effects - Doesn't untap next turn - Tap.                                                                                                                            
FallFallen Empires      Homarid Warrior 3             Blue Summon              C 4U        Gelon, Daniel       (Art : Homarid with shell and spear)  3/3, U: Can't be targeted by spells or effects - Doesn't untap next turn - Tap.                                                                                                                           
FallFallen Empires      Hymn to Tourach 1             BlackSorcery             C BB        Van Camp, Susan     (Art : Wolf in background)         Target player discards two random cards.                                                                                                                                                                     
FallFallen Empires      Hymn to Tourach 2             BlackSorcery             C BB        Danforth, Liz       (Art : Holding hands in circle)    Target player discards two random cards.                                                                                                                                                                     
FallFallen Empires      Hymn to Tourach 3             BlackSorcery             C BB        Kirschner, Scott    (Art : Sitting at the table)       Target player discards two random cards.                                                                                                                                                                     
FallFallen Empires      Hymn to Tourach 4             BlackSorcery             C BB        Hoover, Quinton     (Art : Wizard in dark cloak)      Target player discards two random cards.                                                                                                                                                                      
FallFallen Empires      Icatian Infantry 1            WhiteSummon              C W         Beard Jr., Edward   (Art : Dark soldier drawing his sword) 1/1, 1: Bands.  1: First Strike.                                                                                                                                                                         
FallFallen Empires      Icatian Infantry 2            WhiteSummon              C W         Shuler, Douglas     (Art : Three soldiers with swords) 1/1, 1: Bands.  1: First Strike.                                                                                                                                                                             
FallFallen Empires      Icatian Infantry 3            WhiteSummon              C W         Tucker, Drew        (Art : Three soldiers with pole-axes) 1/1, 1: Bands.  1: First Strike.                                                                                                                                                                          
FallFallen Empires      Icatian Infantry 4            WhiteSummon              C W         Rush, Christopher   (Art : Soldier with shield and pole-axe) 1/1, 1: Bands.  1: First Strike.                                                                                                                                                                       
FallFallen Empires      Icatian Javelineers 1         WhiteSummon              C W         Benson, Melissa     (Art : Purple-tunic soldier throwing) 1/1, Gains 1 javelin counter when cast.  (T) Remove javelin to deal 1 damage to any target.                                                                                                               
FallFallen Empires      Icatian Javelineers 2         WhiteSummon              C W         Kirschner, Scott    (Art : Orange-haired javelineers) 1/1, Gains 1 javelin counter when cast.  (T) Remove javelin to deal 1 damage to any target.                                                                                                                   
FallFallen Empires      Icatian Javelineers 3         WhiteSummon              C W         Beard Jr., Edward   (Art : Bearded soldier throwing javelin) 1/1, Gains 1 javelin counter when cast.  (T) Remove javelin to deal 1 damage to any target.                                                                                                            
FallFallen Empires      Icatian Lieutenant            WhiteSummon              R WW        Venters, Pete       1/2, 1W: Target soldier gets +1/+0.                                                                                                                                                                                                             
FallFallen Empires      Icatian Moneychanger 1        WhiteSummon              C W         Beard Jr., Edward   (Art : Moneychanger using scales)  0/2, Deals 3 damage to you and gets 3 credit counters when cast.  Gain 1 credit during upkeep.  0: Sacrifice to gain 1 life for each credit - Only during upkeep.                                            
FallFallen Empires      Icatian Moneychanger 2        WhiteSummon              C W         Tucker, Drew        (Art : One standing, another in back) 0/2, Deals 3 damage to you and gets 3 credit counters when cast.  Gain 1 credit during upkeep.  0: Sacrifice to gain 1 life for each credit - Only during upkeep.                                         
FallFallen Empires      Icatian Moneychanger 3        WhiteSummon              C W         Benson, Melissa     (Art : Fat Moneychanger with glasses) 0/2, Deals 3 damage to you and gets 3 credit counters when cast.  Gain 1 credit during upkeep.  0: Sacrifice to gain 1 life for each credit - Only during upkeep.                                         
FallFallen Empires      Icatian Phalanx               WhiteSummon              U 4W        Foglio, Kaja        2/4, Bands.                                                                                                                                                                                                                                     
FallFallen Empires      Icatian Priest                WhiteSummon              U W         Tucker, Drew        1/1, 1WW: Target creature gets +1/+1.                                                                                                                                                                                                           
FallFallen Empires      Icatian Scout 1               WhiteSummon              C W         Shuler, Douglas     (Art : Female scout in tall grass) 1/1, 1, (T) Target creature gets First Strike.                                                                                                                                                               
FallFallen Empires      Icatian Scout 2               WhiteSummon              C W         Alexander, Rob      (Art : Scout with spear, on cliff) 1/1, 1, (T) Target creature gets First Strike.                                                                                                                                                               
FallFallen Empires      Icatian Scout 3               WhiteSummon              C W         Kane-Ferguson, Rich (Art : Scout with spear, near tree) 1/1, 1, (T) Target creature gets First Strike.                                                                                                                                                              
FallFallen Empires      Icatian Scout 4               WhiteSummon              C W         Foglio, Phil        (Art : Scout riding a winged beast) 1/1, 1, (T) Target creature gets First Strike.                                                                                                                                                              
FallFallen Empires      Icatian Skirmishers           WhiteSummon              R 3W        Hudson, Heather     1/1, Bands, First Strike.  Attacking creatures banding with Skirmishers gain First Strike.                                                                                                                                                      
FallFallen Empires      Icatian Store                 BeigeLand-Special        R           Morrissey, Pat      Starts Tapped.  May choose not to untap, and add counter.  (T) Remove any number of counters for W.                                                                                                                                             
FallFallen Empires      Icatian Town                  WhiteSorcery             R 5W        Wanerstrand, Tom    Make 4 citizen 1/1 white token creatures.                                                                                                                                                                                                       
FallFallen Empires      Implements of Sacrifice       BeigeArtifact            R 2         Organ-Keen, Margaret1,(T) Sacrifice to add 2 mana of any color to mana pool.  Card plays as an interrupt.                                                                                                                                                           
FallFallen Empires      Initiates of the Ebon Hand 1  BlackSummon              C B         Foglio, Kaja        (Art : Initiate holding two blades)    1/1, 1: Add B to mana pool - Interrupt - If more than 3 spent per turn, bury.                                                                                                                            
FallFallen Empires      Initiates of the Ebon Hand 2  BlackSummon              C B         Danforth, Liz       (Art : Many initiates in cloaks)    1/1, 1: Add B to mana pool - Interrupt - If more than 3 spent per turn, bury.                                                                                                                               
FallFallen Empires      Initiates of the Ebon Hand 3  BlackSummon              C B         Hudson, Heather     (Art : Initiate with eye on chest)   1/1, 1: Add B to mana pool - Interrupt - If more than 3 spent per turn, bury.                                                                                                                              
FallFallen Empires      Merseine 1                    Blue Enchant-Creature    C 2UU       Venters, Pete       (Art : Swimming over net, scowling)  Gets 3 counters when cast.  Target doesn't untap while there are counters.  Target's controller can pay casting cost of target to remove one counter.                                                      
FallFallen Empires      Merseine 2                    Blue Enchant-Creature    C 2UU       Organ-Keen, Margaret(Art : Merseine in net, looking up)  Gets 3 counters when cast.  Target doesn't untap while there are counters.  Target's controller can pay casting cost of target to remove one counter.                                                      
FallFallen Empires      Merseine 3                    Blue Enchant-Creature    C 2UU       Hudson, Heather     (Art : Merseine holding net, smiling) Gets 3 counters when cast.  Target doesn't untap while there are counters.  Target's controller can pay casting cost of target to remove one counter.                                                     
FallFallen Empires      Merseine 4                    Blue Enchant-Creature    C 2UU       Tucker, Drew        (Art : Captured in net, grimacing)   Gets 3 counters when cast.  Target doesn't untap while there are counters.  Target's controller can pay casting cost of target to remove one counter.                                                      
FallFallen Empires      Mindstab Thrull 1             BlackSummon              C 1BB       Kane-Ferguson, Rich (Art : City in the background)    2/2, If attacks and is not blocked, sacrifice to force opponent to discard three cards - Deals no damage.                                                                                                     
FallFallen Empires      Mindstab Thrull 2             BlackSummon              C 1BB       Hudson, Heather     (Art : Thrull running in street)   2/2, If attacks and is not blocked, sacrifice to force opponent to discard three cards - Deals no damage.                                                                                                    
FallFallen Empires      Mindstab Thrull 3             BlackSummon              C 1BB       Tedin, Mark         (Art : Thrull with four arms)     2/2, If attacks and is not blocked, sacrifice to force opponent to discard three cards - Deals no damage.                                                                                                     
FallFallen Empires      Necrite 1                     BlackSummon              C 1BB       Spencer, Ron        (Art : Necrite with bloody knife)    2/2, If attacks and is not blocked, sacrifice to bury one of opponent's creatures - Deals no damage.                                                                                                       
FallFallen Empires      Necrite 2                     BlackSummon              C 1BB       Tucker, Drew        (Art : Necrites wrestling)        2/2, If attacks and is not blocked, sacrifice to bury one of opponent's creatures - Deals no damage.                                                                                                          
FallFallen Empires      Necrite 3                     BlackSummon              C 1BB       Rush, Christopher   (Art : Necrite with very long claws)   2/2, If attacks and is not blocked, sacrifice to bury one of opponent's creatures - Deals no damage.                                                                                                     
FallFallen Empires      Night Soil 1                  GreenEnchantment         C GG        Everingham, Sandra  (Art : Larvae crawling around roots)   1: Remove two graveyard (any) creatures from game to make Saproling 1/1 green token creature.                                                                                                            
FallFallen Empires      Night Soil 2                  GreenEnchantment         C GG        Hudson, Heather     (Art : Creature crawling towards rake) 1: Remove two graveyard (any) creatures from game to make Saproling 1/1 green token creature.                                                                                                            
FallFallen Empires      Night Soil 3                  GreenEnchantment         C GG        Tucker, Drew        (Art : Splotchy grey-green soil)   1: Remove two graveyard (any) creatures from game to make Saproling 1/1 green token creature.                                                                                                                
FallFallen Empires      Orcish Captain                Red  Summon              U R         Tedin, Mark         1/1, 1: If opponent wins coin flip, target Orc is -0/-2, if you win, target Orc is +2/+0.                                                                                                                                                       
FallFallen Empires      Orcish Spy 1                  Red  Summon              C R         Van Camp, Susan     (Art : Orcish Spy climbing over wall)  1/1, (T) Look at top 3 cards in opponent's library.                                                                                                                                                      
FallFallen Empires      Orcish Spy 2                  Red  Summon              C R         Venters, Pete       (Art : Orcish Spy holding a lit torch) 1/1, (T) Look at top 3 cards in opponent's library.                                                                                                                                                      
FallFallen Empires      Orcish Spy 3                  Red  Summon              C R         Gelon, Daniel       (Art : Orcish Spy using a spyglass) 1/1, (T) Look at top 3 cards in opponent's library.                                                                                                                                                         
FallFallen Empires      Orcish Veteran 1              Red  Summon              C 2R        Frazier, Dan        (Art : Old Veteran holding a spear)  2/2, R: First Strike.  Can't block white creatures with power greater than 1.                                                                                                                              
FallFallen Empires      Orcish Veteran 2              Red  Summon              C 2R        Benson, Melissa     (Art : Veteran standing by water) 2/2, R: First Strike.  Can't block white creatures with power greater than 1.                                                                                                                                 
FallFallen Empires      Orcish Veteran 3              Red  Summon              C 2R        Shuler, Douglas     (Art : Three scowling orcs in battle) 2/2, R: First Strike.  Can't block white creatures with power greater than 1.                                                                                                                             
FallFallen Empires      Orcish Veteran 4              Red  Summon              C 2R        Hoover, Quinton     (Art : Hooded Veteran with dull axe) 2/2, R: First Strike.  Can't block white creatures with power greater than 1.                                                                                                                              
FallFallen Empires      Order of Leitbur 1            WhiteSummon              C WW        Asplund-Faith, Randy(Art : Several lancemen in battle) 2/1, Protection from black.  WW: +1/+0.  W: First Strike.                                                                                                                                                    
FallFallen Empires      Order of Leitbur 2            WhiteSummon              C WW        Wackwitz, Bryon     (Art : Gold armoured rider with banner) 2/1, Protection from black.  WW: +1/+0.  W: First Strike.                                                                                                                                               
FallFallen Empires      Order of Leitbur 3            WhiteSummon              C WW        Wackwitz, Bryon     (Art : Rider with large, red shield) 2/1, Protection from black.  WW: +1/+0.  W: First Strike.                                                                                                                                                  
FallFallen Empires      Order of the Ebon Hand 1      BlackSummon              C BB        Spencer, Ron        (Art : Holding cleaver and saw blade) 2/1, Protection from white.  BB: +1/+0.  B: First strike.                                                                                                                                                 
FallFallen Empires      Order of the Ebon Hand 2      BlackSummon              C BB        Rush, Christopher   (Art : Sitting with two handed sword) 2/1, Protection from white.  BB: +1/+0.  B: First strike.                                                                                                                                                 
FallFallen Empires      Order of the Ebon Hand 3      BlackSummon              C BB        Benson, Melissa     (Art : Armored centaur)           2/1, Protection from white.  BB: +1/+0.  B: First strike.                                                                                                                                                     
FallFallen Empires      Orgg                          Red  Summon              R 3RR       Gelon, Daniel       6/6, Trample.  Can't attack if opponent has untapped creatures with power greater than 2.  Can't block creatures with power greater than 2.                                                                                                     
FallFallen Empires      Raiding Party                 Red  Enchantment         U 2R        Hoover, Quinton     Can't be targeted by white spells or effects.  0: Sacrifice Orc to destroy all plains - Players may tap white creatures to save 2 plains.                                                                                                       
FallFallen Empires      Rainbow Vale                  BeigeLand-Special        R           Foglio, Kaja        (T) Add 1 mana of any color to mana pool and transfer control to opponent ant end of turn.                                                                                                                                                      
FallFallen Empires      Ring of Renewal               BeigeArtifact            R 5         Shuler, Douglas     5,(T) Discard a random card and draw two cards.                                                                                                                                                                                                 
FallFallen Empires      River Merfolk                 Blue Summon              R UU        Shuler, Douglas     2/1, U: Mountainwalk.                                                                                                                                                                                                                           
FallFallen Empires      Ruins of Trokair              BeigeLand-Special        U           Poole, Mark         Starts Tapped.  (T) Add W to mana pool.  (T) Sacrifice for WW.                                                                                                                                                                                  
FallFallen Empires      Sand Silos                    BeigeLand-Special        R           Morrissey, Pat      Starts Tapped.  May choose not to untap, and add counter.  (T) Remove any number of counters for U.                                                                                                                                             
FallFallen Empires      Seasinger                     Blue Summon              U 1UU       Weber, Amy          0/1, Bury if you have no islands.  (T) Take control of target creature - Must remain tapped to keep control - May choose not to untap.                                                                                                          
FallFallen Empires      Soul Exchange                 BlackSorcery             U BB        Waters, Anthony     Sacrifice creature (out of game) to put creature in graveyard into play - New creature gets +2/+2 counter if sacrifice was a Thrull.                                                                                                            
FallFallen Empires      Spirit Shield                 BeigeArtifact            R 3         Kirschner, Scott    2,(T) Give +0/+2 to creature until Shield untaps.  May choose not to untap.                                                                                                                                                                     
FallFallen Empires      Spore Cloud 1                 GreenInstant             C 1GG       Weber, Amy          (Art : Spiked spores on blue background)  Tap blocking creatures - No creatures deal damage - No attacking or blocking creatures untap next turn.                                                                                               
FallFallen Empires      Spore Cloud 2                 GreenInstant             C 1GG       Myrfors, Jesper     (Art : Large, green spore cloud)  Tap blocking creatures - No creatures deal damage - No attacking or blocking creatures untap next turn.                                                                                                       
FallFallen Empires      Spore Cloud 3                 GreenInstant             C 1GG       Van Camp, Susan     (Art : Man choking from blue spores) Tap blocking creatures - No creatures deal damage - No attacking or blocking creatures untap next turn.                                                                                                    
FallFallen Empires      Spore Flower                  GreenSummon              U GG        Organ-Keen, Margaret0/1, Add 1 spore counter during upkeep.  0: Remove 3 spores to stop all creatures from dealing damage during combat.                                                                                                                            
FallFallen Empires      Svyelunite Priest             Blue Summon              U 1U        Spencer, Ron        1/1 UU,(T) Target creature can't be targeted by spells or effects - Use only during upkeep.                                                                                                                                                     
FallFallen Empires      Svyelunite Temple             BeigeLand-Special        U           Poole, Mark         Starts Tapped.  (T) Add U to mana pool.  (T) Sacrifice for UU.                                                                                                                                                                                  
FallFallen Empires      Thallid 1                     GreenSummon              C G         Spencer, Ron        (Art : Thallid kneeling by plant) 1/1, Add 1 spore counter during upkeep.  0: Remove 3 spores to make a Saproling 1/1 green token creature.                                                                                                     
FallFallen Empires      Thallid 2                     GreenSummon              C G         Gelon, Daniel       (Art : Pink Thallid with staff)     1/1, Add 1 spore counter during upkeep.  0: Remove 3 spores to make a Saproling 1/1 green token creature.                                                                                                   
FallFallen Empires      Thallid 3                     GreenSummon              C G         Beard Jr., Edward   (Art : Hairy Thallid with single eye)  1/1, Add 1 spore counter during upkeep.  0: Remove 3 spores to make a Saproling 1/1 green token creature.                                                                                                
FallFallen Empires      Thallid 4                     GreenSummon              C G         Myrfors, Jesper     (Art : Thallids standing among mushrooms) 1/1, Add 1 spore counter during upkeep.  0: Remove 3 spores to make a Saproling 1/1 green token creature.                                                                                             
FallFallen Empires      Thallid Devourer              GreenSummon              U 1GG       Spencer, Ron        2/2, During upkeep put spore counter on Devourer.  0: Remove three counters to put Saproling token into play, a 1/1 green creature.  0: Sacrifice Saproling to give Devourer +1/+2 until end of turn.                                           
FallFallen Empires      Thelon's Chant                GreenEnchantment         U 1GG       Benson, Melissa     Pay G during upkeep or bury.  When player puts forest in play, takes 3 damage or must put -1/-1 counter on creature.                                                                                                                            
FallFallen Empires      Thelon's Curse                GreenEnchantment         R GG        Venters, Pete       Must pay U to untap each blue creature during untap.                                                                                                                                                                                            
FallFallen Empires      Thelonite Druid               GreenSummon              U 2G        Organ-Keen, Margaret1/1, 1G, (T) Sacrifice creature to make all your forests into 2/3 creatures - New forests can't be tapped for mana first turn.                                                                                                                  
FallFallen Empires      Thelonite Monk                GreenSummon              R 2GG       Wackwitz, Bryon     1/2, (T) Sacrifice green creature to turn target land into forest.                                                                                                                                                                              
FallFallen Empires      Thorn Thallid 1               GreenSummon              C 1GG       Hudson, Heather     (Art : Thallid using breath weapon)  2/2, Add 1 spore counter during upkeep.  0: Remove 3 spores to deal 1 damage to any target.                                                                                                                
FallFallen Empires      Thorn Thallid 2               GreenSummon              C 1GG       Tedin, Mark         (Art : Thallid with four tentacles) 2/2, Add 1 spore counter during upkeep.  0: Remove 3 spores to deal 1 damage to any target.                                                                                                                 
FallFallen Empires      Thorn Thallid 3               GreenSummon              C 1GG       Gelon, Daniel       (Art : Purple Thallid with many teeth) 2/2, Add 1 spore counter during upkeep.  0: Remove 3 spores to deal 1 damage to any target.                                                                                                              
FallFallen Empires      Thorn Thallid 4               GreenSummon              C 1GG       Myrfors, Jesper     (Art : Grey Thallid with dark background) 2/2, Add 1 spore counter during upkeep.  0: Remove 3 spores to deal 1 damage to any target.                                                                                                           
FallFallen Empires      Thrull Champion               BlackSummon              R 4B        Gelon, Daniel       2/2, All Thrulls get +1/+1.  (T) Take control of Thrull.                                                                                                                                                                                        
FallFallen Empires      Thrull Retainer               BlackEnchant-Creature    U B         Spencer, Ron        Target creature gets +1/+1.  Sacrifice to regenerate target.                                                                                                                                                                                    
FallFallen Empires      Thrull Wizard                 BlackSummon              U 2B        Maddocks, Anson     1/1, 1B: Counter target black spell - Opponent can prevent with B or 3 - Interrupt.                                                                                                                                                             
FallFallen Empires      Tidal Flats 1                 Blue Enchantment         C U         Alexander, Rob      (Art : Drying up, small horizon)   UU: All your non-flyer-blocking attacking creatures gain first strike - Opponent may pay 1 for each creature to counter effect on it.                                                                        
FallFallen Empires      Tidal Flats 2                 Blue Enchantment         C U         Everingham, Sandra  (Art : Dried up ground)             UU: All your non-flyer-blocking attacking creatures gain first strike - Opponent may pay 1 for each creature to counter effect on it.                                                                       
FallFallen Empires      Tidal Flats 3                 Blue Enchantment         C U         Alexander, Rob      (Art : Drying up, large horizon)    UU: All your non-flyer-blocking attacking creatures gain first strike - Opponent may pay 1 for each creature to counter effect on it.                                                                       
FallFallen Empires      Tidal Influence               Blue Enchantment         U 2U        Wanerstrand, Tom    Gets tide counter each upkeep and when cast - Remove all counters when there are 4.  1 counter = -1/-1 to all blue creatures.  3 counters = +1/+1 to all blue creatures.                                                                        
FallFallen Empires      Tourach's Chant               BlackEnchantment         U 1BB       Kane-Ferguson, Rich Pay B during upkeep or bury.  Opponent takes 3 damage when playing a forest unless he or she puts a -1/-1 counter on one of his or her creatures.                                                                                               
FallFallen Empires      Tourach's Gate                BlackEnchant-Land        R 1BB       Everingham, Sandra  Only on land you control.  Remove one counter during upkeep - no counters left, bury.  Sacrifice Thrull for 3 counters.  0: Tap land and all your attackers get +2/-1.                                                                          
FallFallen Empires      Vodalian Knights              Blue Summon              R 1UU       Van Camp, Susan     2/2, First Strike.  U: Flying.  Bury if you have no islands.  Can't attack unless opponent has at least one island.                                                                                                                             
FallFallen Empires      Vodalian Mage 1               Blue Summon              C 2U        Hoover, Quinton     (Art : Mage holding crystal ball)   1/1, U, (T) Counter target spell unless caster pays 1 more - Interrupt.                                                                                                                                     
FallFallen Empires      Vodalian Mage 2               Blue Summon              C 2U        Van Camp, Susan     (Art : Mage gesturing, with fish)   1/1, U, (T) Counter target spell unless caster pays 1 more - Interrupt.                                                                                                                                     
FallFallen Empires      Vodalian Mage 3               Blue Summon              C 2U        Poole, Mark         (Art : Spike-haired mage summoning)   1/1 U,(T) Counter target spell unless caster pays 1 more - Interrupt.                                                                                                                                     
FallFallen Empires      Vodalian Soldiers 1           Blue Summon              C 1U        Van Camp, Susan     (Art : Soldier with shark behind)   1/2                                                                                                                                                                                                         
FallFallen Empires      Vodalian Soldiers 2           Blue Summon              C 1U        Kane-Ferguson, Rich (Art : Two soldiers standing in surf)  1/2                                                                                                                                                                                                      
FallFallen Empires      Vodalian Soldiers 3           Blue Summon              C 1U        Menges, Jeff A.     (Art : Swimming soldiers with spears) 1/2                                                                                                                                                                                                       
FallFallen Empires      Vodalian Soldiers 4           Blue Summon              C 1U        Benson, Melissa     (Art : Two red soldiers, swimming)  1/2                                                                                                                                                                                                         
FallFallen Empires      Vodalian War Machine          Blue Summon              R 1UU       Weber, Amy          0/4, 0: Tap Merfolk to attack or get +2/+1.  If sent to graveyard, then tapped Merfolk are destroyed.                                                                                                                                           
FallFallen Empires      Zelyon Sword                  BeigeArtifact            R 3         Kirschner, Scott    3,(T) Give +2/+0 to creature until Shield untaps.  May choose not to untap.                                                                                                                                                                     
